Archive member included to satisfy reference by file (symbol)

C:\ARMSPACE\DISCO-F469NI_LCD_demo\mbed\TARGET_DISCO_F469NI\TOOLCHAIN_GCC_ARM\libmbed.a(analogin_api.o)
                              gui/gui.o (analogin_init)
C:\ARMSPACE\DISCO-F469NI_LCD_demo\mbed\TARGET_DISCO_F469NI\TOOLCHAIN_GCC_ARM\libmbed.a(PeripheralPins.o)
                              C:\ARMSPACE\DISCO-F469NI_LCD_demo\mbed\TARGET_DISCO_F469NI\TOOLCHAIN_GCC_ARM\libmbed.a(analogin_api.o) (PinMap_ADC)
C:\ARMSPACE\DISCO-F469NI_LCD_demo\mbed\TARGET_DISCO_F469NI\TOOLCHAIN_GCC_ARM\libmbed.a(serial_api.o)
                              C:/ARMSPACE/DISCO-F469NI_LCD_demo/mbed/TARGET_DISCO_F469NI/TOOLCHAIN_GCC_ARM/retarget.o (serial_init)
C:\ARMSPACE\DISCO-F469NI_LCD_demo\mbed\TARGET_DISCO_F469NI\TOOLCHAIN_GCC_ARM\libmbed.a(FilePath.o)
                              C:/ARMSPACE/DISCO-F469NI_LCD_demo/mbed/TARGET_DISCO_F469NI/TOOLCHAIN_GCC_ARM/retarget.o (mbed::FilePath::FilePath(char const*))
C:\ARMSPACE\DISCO-F469NI_LCD_demo\mbed\TARGET_DISCO_F469NI\TOOLCHAIN_GCC_ARM\libmbed.a(FileSystemLike.o)
                              C:/ARMSPACE/DISCO-F469NI_LCD_demo/mbed/TARGET_DISCO_F469NI/TOOLCHAIN_GCC_ARM/retarget.o (mbed::FileSystemLike::opendir())
C:\ARMSPACE\DISCO-F469NI_LCD_demo\mbed\TARGET_DISCO_F469NI\TOOLCHAIN_GCC_ARM\libmbed.a(assert.o)
                              main.o (mbed_assert_internal)
C:\ARMSPACE\DISCO-F469NI_LCD_demo\mbed\TARGET_DISCO_F469NI\TOOLCHAIN_GCC_ARM\libmbed.a(error.o)
                              C:/ARMSPACE/DISCO-F469NI_LCD_demo/mbed/TARGET_DISCO_F469NI/TOOLCHAIN_GCC_ARM/retarget.o (error)
C:\ARMSPACE\DISCO-F469NI_LCD_demo\mbed\TARGET_DISCO_F469NI\TOOLCHAIN_GCC_ARM\libmbed.a(gpio.o)
                              main.o (gpio_init_out)
C:\ARMSPACE\DISCO-F469NI_LCD_demo\mbed\TARGET_DISCO_F469NI\TOOLCHAIN_GCC_ARM\libmbed.a(pinmap_common.o)
                              C:\ARMSPACE\DISCO-F469NI_LCD_demo\mbed\TARGET_DISCO_F469NI\TOOLCHAIN_GCC_ARM\libmbed.a(analogin_api.o) (pinmap_pinout)
C:\ARMSPACE\DISCO-F469NI_LCD_demo\mbed\TARGET_DISCO_F469NI\TOOLCHAIN_GCC_ARM\libmbed.a(wait_api.o)
                              main.o (wait)
C:\ARMSPACE\DISCO-F469NI_LCD_demo\mbed\TARGET_DISCO_F469NI\TOOLCHAIN_GCC_ARM\libmbed.a(us_ticker_api.o)
                              C:/ARMSPACE/DISCO-F469NI_LCD_demo/mbed/TARGET_DISCO_F469NI/TOOLCHAIN_GCC_ARM/hal_tick.o (us_ticker_irq_handler)
C:\ARMSPACE\DISCO-F469NI_LCD_demo\mbed\TARGET_DISCO_F469NI\TOOLCHAIN_GCC_ARM\libmbed.a(gpio_api.o)
                              C:\ARMSPACE\DISCO-F469NI_LCD_demo\mbed\TARGET_DISCO_F469NI\TOOLCHAIN_GCC_ARM\libmbed.a(gpio.o) (gpio_init)
C:\ARMSPACE\DISCO-F469NI_LCD_demo\mbed\TARGET_DISCO_F469NI\TOOLCHAIN_GCC_ARM\libmbed.a(pinmap.o)
                              C:\ARMSPACE\DISCO-F469NI_LCD_demo\mbed\TARGET_DISCO_F469NI\TOOLCHAIN_GCC_ARM\libmbed.a(gpio_api.o) (Set_GPIO_Clock)
C:\ARMSPACE\DISCO-F469NI_LCD_demo\mbed\TARGET_DISCO_F469NI\TOOLCHAIN_GCC_ARM\libmbed.a(us_ticker.o)
                              C:\ARMSPACE\DISCO-F469NI_LCD_demo\mbed\TARGET_DISCO_F469NI\TOOLCHAIN_GCC_ARM\libmbed.a(us_ticker_api.o) (us_ticker_init)
C:\ARMSPACE\DISCO-F469NI_LCD_demo\mbed\TARGET_DISCO_F469NI\TOOLCHAIN_GCC_ARM\libmbed.a(FileBase.o)
                              C:\ARMSPACE\DISCO-F469NI_LCD_demo\mbed\TARGET_DISCO_F469NI\TOOLCHAIN_GCC_ARM\libmbed.a(FileSystemLike.o) (mbed::FileBase::~FileBase())
C:\ARMSPACE\DISCO-F469NI_LCD_demo\mbed\TARGET_DISCO_F469NI\TOOLCHAIN_GCC_ARM\libmbed.a(ticker_api.o)
                              C:\ARMSPACE\DISCO-F469NI_LCD_demo\mbed\TARGET_DISCO_F469NI\TOOLCHAIN_GCC_ARM\libmbed.a(us_ticker_api.o) (ticker_irq_handler)
c:/ac6/systemworkbench/plugins/fr.ac6.mcu.externaltools.arm-none.win32_1.7.0.201602121829/tools/compiler/bin/../lib/gcc/arm-none-eabi/5.2.1/../../../../arm-none-eabi/lib/armv7e-m\libstdc++_nano.a(atexit_arm.o)
                              main.o (__aeabi_atexit)
c:/ac6/systemworkbench/plugins/fr.ac6.mcu.externaltools.arm-none.win32_1.7.0.201602121829/tools/compiler/bin/../lib/gcc/arm-none-eabi/5.2.1/../../../../arm-none-eabi/lib/armv7e-m\libstdc++_nano.a(del_op.o)
                              C:/ARMSPACE/DISCO-F469NI_LCD_demo/mbed/TARGET_DISCO_F469NI/TOOLCHAIN_GCC_ARM/retarget.o (operator delete(void*))
c:/ac6/systemworkbench/plugins/fr.ac6.mcu.externaltools.arm-none.win32_1.7.0.201602121829/tools/compiler/bin/../lib/gcc/arm-none-eabi/5.2.1/../../../../arm-none-eabi/lib/armv7e-m\libstdc++_nano.a(new_op.o)
                              C:\ARMSPACE\DISCO-F469NI_LCD_demo\mbed\TARGET_DISCO_F469NI\TOOLCHAIN_GCC_ARM\libmbed.a(FileSystemLike.o) (operator new(unsigned int))
c:/ac6/systemworkbench/plugins/fr.ac6.mcu.externaltools.arm-none.win32_1.7.0.201602121829/tools/compiler/bin/../lib/gcc/arm-none-eabi/5.2.1/../../../../arm-none-eabi/lib/armv7e-m\libstdc++_nano.a(new_handler.o)
[...]
Memory Configuration

Name             Origin             Length             Attributes
FLASH            0x08000000         0x00200000         xr
RAM              0x200001b4         0x0004fe4c         xrw
*default*        0x00000000         0xffffffff

Linker script and memory map

LOAD c:/ac6/systemworkbench/plugins/fr.ac6.mcu.externaltools.arm-none.win32_1.7.0.201602121829/tools/compiler/bin/../lib/gcc/arm-none-eabi/5.2.1/armv7e-m/crti.o
LOAD c:/ac6/systemworkbench/plugins/fr.ac6.mcu.externaltools.arm-none.win32_1.7.0.201602121829/tools/compiler/bin/../lib/gcc/arm-none-eabi/5.2.1/armv7e-m/crtbegin.o
LOAD c:/ac6/systemworkbench/plugins/fr.ac6.mcu.externaltools.arm-none.win32_1.7.0.201602121829/tools/compiler/bin/../lib/gcc/arm-none-eabi/5.2.1/../../../../arm-none-eabi/lib/armv7e-m/crt0.o
LOAD BSP_DISCO_F469NI/Components/cs43l22/cs43l22.o
LOAD BSP_DISCO_F469NI/Components/ft6x06/ft6x06.o
LOAD BSP_DISCO_F469NI/Components/otm8009a/otm8009a.o
LOAD BSP_DISCO_F469NI/Fonts/font12.o
LOAD BSP_DISCO_F469NI/Fonts/font16.o
LOAD BSP_DISCO_F469NI/Fonts/font20.o
LOAD BSP_DISCO_F469NI/Fonts/font24.o
LOAD BSP_DISCO_F469NI/Fonts/font8.o
LOAD BSP_DISCO_F469NI/stm32469i_discovery/stm32469i_discovery.o
LOAD BSP_DISCO_F469NI/stm32469i_discovery/stm32469i_discovery_eeprom.o
LOAD BSP_DISCO_F469NI/stm32469i_discovery/stm32469i_discovery_lcd.o
LOAD BSP_DISCO_F469NI/stm32469i_discovery/stm32469i_discovery_qspi.o
LOAD BSP_DISCO_F469NI/stm32469i_discovery/stm32469i_discovery_sd.o
LOAD BSP_DISCO_F469NI/stm32469i_discovery/stm32469i_discovery_sdram.o
LOAD BSP_DISCO_F469NI/stm32469i_discovery/stm32469i_discovery_ts.o
LOAD LCD_DISCO_F469NI/LCD_DISCO_F469NI.o
LOAD gui/gui.o
LOAD main.o
LOAD C:/ARMSPACE/DISCO-F469NI_LCD_demo/mbed/TARGET_DISCO_F469NI/TOOLCHAIN_GCC_ARM/stm32f4xx_hal_flash_ramfunc.o
LOAD C:/ARMSPACE/DISCO-F469NI_LCD_demo/mbed/TARGET_DISCO_F469NI/TOOLCHAIN_GCC_ARM/board.o
LOAD C:/ARMSPACE/DISCO-F469NI_LCD_demo/mbed/TARGET_DISCO_F469NI/TOOLCHAIN_GCC_ARM/cmsis_nvic.o
LOAD C:/ARMSPACE/DISCO-F469NI_LCD_demo/mbed/TARGET_DISCO_F469NI/TOOLCHAIN_GCC_ARM/hal_tick.o
LOAD C:/ARMSPACE/DISCO-F469NI_LCD_demo/mbed/TARGET_DISCO_F469NI/TOOLCHAIN_GCC_ARM/mbed_overrides.o
LOAD C:/ARMSPACE/DISCO-F469NI_LCD_demo/mbed/TARGET_DISCO_F469NI/TOOLCHAIN_GCC_ARM/retarget.o
LOAD C:/ARMSPACE/DISCO-F469NI_LCD_demo/mbed/TARGET_DISCO_F469NI/TOOLCHAIN_GCC_ARM/startup_stm32f469xx.o
LOAD C:/ARMSPACE/DISCO-F469NI_LCD_demo/mbed/TARGET_DISCO_F469NI/TOOLCHAIN_GCC_ARM/stm32f4xx_hal.o
LOAD C:/ARMSPACE/DISCO-F469NI_LCD_demo/mbed/TARGET_DISCO_F469NI/TOOLCHAIN_GCC_ARM/stm32f4xx_hal_adc.o
LOAD C:/ARMSPACE/DISCO-F469NI_LCD_demo/mbed/TARGET_DISCO_F469NI/TOOLCHAIN_GCC_ARM/stm32f4xx_hal_adc_ex.o
LOAD C:/ARMSPACE/DISCO-F469NI_LCD_demo/mbed/TARGET_DISCO_F469NI/TOOLCHAIN_GCC_ARM/stm32f4xx_hal_can.o
LOAD C:/ARMSPACE/DISCO-F469NI_LCD_demo/mbed/TARGET_DISCO_F469NI/TOOLCHAIN_GCC_ARM/stm32f4xx_hal_cec.o
LOAD C:/ARMSPACE/DISCO-F469NI_LCD_demo/mbed/TARGET_DISCO_F469NI/TOOLCHAIN_GCC_ARM/stm32f4xx_hal_cortex.o
LOAD C:/ARMSPACE/DISCO-F469NI_LCD_demo/mbed/TARGET_DISCO_F469NI/TOOLCHAIN_GCC_ARM/stm32f4xx_hal_crc.o
LOAD C:/ARMSPACE/DISCO-F469NI_LCD_demo/mbed/TARGET_DISCO_F469NI/TOOLCHAIN_GCC_ARM/stm32f4xx_hal_cryp.o
LOAD C:/ARMSPACE/DISCO-F469NI_LCD_demo/mbed/TARGET_DISCO_F469NI/TOOLCHAIN_GCC_ARM/stm32f4xx_hal_cryp_ex.o
LOAD C:/ARMSPACE/DISCO-F469NI_LCD_demo/mbed/TARGET_DISCO_F469NI/TOOLCHAIN_GCC_ARM/stm32f4xx_hal_dac.o
LOAD C:/ARMSPACE/DISCO-F469NI_LCD_demo/mbed/TARGET_DISCO_F469NI/TOOLCHAIN_GCC_ARM/stm32f4xx_hal_dac_ex.o
LOAD C:/ARMSPACE/DISCO-F469NI_LCD_demo/mbed/TARGET_DISCO_F469NI/TOOLCHAIN_GCC_ARM/stm32f4xx_hal_dcmi.o
LOAD C:/ARMSPACE/DISCO-F469NI_LCD_demo/mbed/TARGET_DISCO_F469NI/TOOLCHAIN_GCC_ARM/stm32f4xx_hal_dcmi_ex.o
LOAD C:/ARMSPACE/DISCO-F469NI_LCD_demo/mbed/TARGET_DISCO_F469NI/TOOLCHAIN_GCC_ARM/stm32f4xx_hal_dma.o
LOAD C:/ARMSPACE/DISCO-F469NI_LCD_demo/mbed/TARGET_DISCO_F469NI/TOOLCHAIN_GCC_ARM/stm32f4xx_hal_dma2d.o
LOAD C:/ARMSPACE/DISCO-F469NI_LCD_demo/mbed/TARGET_DISCO_F469NI/TOOLCHAIN_GCC_ARM/stm32f4xx_hal_dma_ex.o
LOAD C:/ARMSPACE/DISCO-F469NI_LCD_demo/mbed/TARGET_DISCO_F469NI/TOOLCHAIN_GCC_ARM/stm32f4xx_hal_dsi.o
LOAD C:/ARMSPACE/DISCO-F469NI_LCD_demo/mbed/TARGET_DISCO_F469NI/TOOLCHAIN_GCC_ARM/stm32f4xx_hal_eth.o
LOAD C:/ARMSPACE/DISCO-F469NI_LCD_demo/mbed/TARGET_DISCO_F469NI/TOOLCHAIN_GCC_ARM/stm32f4xx_hal_flash.o
LOAD C:/ARMSPACE/DISCO-F469NI_LCD_demo/mbed/TARGET_DISCO_F469NI/TOOLCHAIN_GCC_ARM/stm32f4xx_hal_flash_ex.o
LOAD C:/ARMSPACE/DISCO-F469NI_LCD_demo/mbed/TARGET_DISCO_F469NI/TOOLCHAIN_GCC_ARM/stm32f4xx_hal_fmpi2c_ex.o
LOAD C:/ARMSPACE/DISCO-F469NI_LCD_demo/mbed/TARGET_DISCO_F469NI/TOOLCHAIN_GCC_ARM/stm32f4xx_hal_fmpi2c.o
LOAD C:/ARMSPACE/DISCO-F469NI_LCD_demo/mbed/TARGET_DISCO_F469NI/TOOLCHAIN_GCC_ARM/stm32f4xx_hal_msp_template.o
LOAD C:/ARMSPACE/DISCO-F469NI_LCD_demo/mbed/TARGET_DISCO_F469NI/TOOLCHAIN_GCC_ARM/stm32f4xx_hal_gpio.o
LOAD C:/ARMSPACE/DISCO-F469NI_LCD_demo/mbed/TARGET_DISCO_F469NI/TOOLCHAIN_GCC_ARM/stm32f4xx_hal_hash.o
LOAD C:/ARMSPACE/DISCO-F469NI_LCD_demo/mbed/TARGET_DISCO_F469NI/TOOLCHAIN_GCC_ARM/stm32f4xx_hal_hash_ex.o
LOAD C:/ARMSPACE/DISCO-F469NI_LCD_demo/mbed/TARGET_DISCO_F469NI/TOOLCHAIN_GCC_ARM/stm32f4xx_hal_hcd.o
LOAD C:/ARMSPACE/DISCO-F469NI_LCD_demo/mbed/TARGET_DISCO_F469NI/TOOLCHAIN_GCC_ARM/stm32f4xx_hal_i2c.o
LOAD C:/ARMSPACE/DISCO-F469NI_LCD_demo/mbed/TARGET_DISCO_F469NI/TOOLCHAIN_GCC_ARM/stm32f4xx_hal_i2c_ex.o
LOAD C:/ARMSPACE/DISCO-F469NI_LCD_demo/mbed/TARGET_DISCO_F469NI/TOOLCHAIN_GCC_ARM/stm32f4xx_hal_i2s.o
LOAD C:/ARMSPACE/DISCO-F469NI_LCD_demo/mbed/TARGET_DISCO_F469NI/TOOLCHAIN_GCC_ARM/stm32f4xx_hal_i2s_ex.o
LOAD C:/ARMSPACE/DISCO-F469NI_LCD_demo/mbed/TARGET_DISCO_F469NI/TOOLCHAIN_GCC_ARM/stm32f4xx_hal_irda.o
LOAD C:/ARMSPACE/DISCO-F469NI_LCD_demo/mbed/TARGET_DISCO_F469NI/TOOLCHAIN_GCC_ARM/stm32f4xx_hal_iwdg.o
LOAD C:/ARMSPACE/DISCO-F469NI_LCD_demo/mbed/TARGET_DISCO_F469NI/TOOLCHAIN_GCC_ARM/stm32f4xx_hal_lptim.o
LOAD C:/ARMSPACE/DISCO-F469NI_LCD_demo/mbed/TARGET_DISCO_F469NI/TOOLCHAIN_GCC_ARM/stm32f4xx_hal_ltdc.o
LOAD C:/ARMSPACE/DISCO-F469NI_LCD_demo/mbed/TARGET_DISCO_F469NI/TOOLCHAIN_GCC_ARM/stm32f4xx_hal_ltdc_ex.o
LOAD C:/ARMSPACE/DISCO-F469NI_LCD_demo/mbed/TARGET_DISCO_F469NI/TOOLCHAIN_GCC_ARM/stm32f4xx_hal_smartcard.o
LOAD C:/ARMSPACE/DISCO-F469NI_LCD_demo/mbed/TARGET_DISCO_F469NI/TOOLCHAIN_GCC_ARM/stm32f4xx_hal_nand.o
LOAD C:/ARMSPACE/DISCO-F469NI_LCD_demo/mbed/TARGET_DISCO_F469NI/TOOLCHAIN_GCC_ARM/stm32f4xx_hal_nor.o
LOAD C:/ARMSPACE/DISCO-F469NI_LCD_demo/mbed/TARGET_DISCO_F469NI/TOOLCHAIN_GCC_ARM/stm32f4xx_hal_pccard.o
LOAD C:/ARMSPACE/DISCO-F469NI_LCD_demo/mbed/TARGET_DISCO_F469NI/TOOLCHAIN_GCC_ARM/stm32f4xx_hal_pcd.o
LOAD C:/ARMSPACE/DISCO-F469NI_LCD_demo/mbed/TARGET_DISCO_F469NI/TOOLCHAIN_GCC_ARM/stm32f4xx_hal_pcd_ex.o
LOAD C:/ARMSPACE/DISCO-F469NI_LCD_demo/mbed/TARGET_DISCO_F469NI/TOOLCHAIN_GCC_ARM/stm32f4xx_hal_pwr.o
LOAD C:/ARMSPACE/DISCO-F469NI_LCD_demo/mbed/TARGET_DISCO_F469NI/TOOLCHAIN_GCC_ARM/stm32f4xx_hal_pwr_ex.o
LOAD C:/ARMSPACE/DISCO-F469NI_LCD_demo/mbed/TARGET_DISCO_F469NI/TOOLCHAIN_GCC_ARM/stm32f4xx_hal_qspi.o
LOAD C:/ARMSPACE/DISCO-F469NI_LCD_demo/mbed/TARGET_DISCO_F469NI/TOOLCHAIN_GCC_ARM/stm32f4xx_hal_rcc.o
LOAD C:/ARMSPACE/DISCO-F469NI_LCD_demo/mbed/TARGET_DISCO_F469NI/TOOLCHAIN_GCC_ARM/stm32f4xx_hal_rcc_ex.o
LOAD C:/ARMSPACE/DISCO-F469NI_LCD_demo/mbed/TARGET_DISCO_F469NI/TOOLCHAIN_GCC_ARM/stm32f4xx_hal_rng.o
LOAD C:/ARMSPACE/DISCO-F469NI_LCD_demo/mbed/TARGET_DISCO_F469NI/TOOLCHAIN_GCC_ARM/stm32f4xx_hal_rtc.o
LOAD C:/ARMSPACE/DISCO-F469NI_LCD_demo/mbed/TARGET_DISCO_F469NI/TOOLCHAIN_GCC_ARM/stm32f4xx_hal_rtc_ex.o
LOAD C:/ARMSPACE/DISCO-F469NI_LCD_demo/mbed/TARGET_DISCO_F469NI/TOOLCHAIN_GCC_ARM/stm32f4xx_hal_sai.o
LOAD C:/ARMSPACE/DISCO-F469NI_LCD_demo/mbed/TARGET_DISCO_F469NI/TOOLCHAIN_GCC_ARM/stm32f4xx_hal_sai_ex.o
LOAD C:/ARMSPACE/DISCO-F469NI_LCD_demo/mbed/TARGET_DISCO_F469NI/TOOLCHAIN_GCC_ARM/stm32f4xx_hal_sd.o
LOAD C:/ARMSPACE/DISCO-F469NI_LCD_demo/mbed/TARGET_DISCO_F469NI/TOOLCHAIN_GCC_ARM/stm32f4xx_hal_sdram.o
LOAD C:/ARMSPACE/DISCO-F469NI_LCD_demo/mbed/TARGET_DISCO_F469NI/TOOLCHAIN_GCC_ARM/stm32f4xx_hal_spdifrx.o
LOAD C:/ARMSPACE/DISCO-F469NI_LCD_demo/mbed/TARGET_DISCO_F469NI/TOOLCHAIN_GCC_ARM/stm32f4xx_hal_spi.o
LOAD C:/ARMSPACE/DISCO-F469NI_LCD_demo/mbed/TARGET_DISCO_F469NI/TOOLCHAIN_GCC_ARM/stm32f4xx_hal_sram.o
LOAD C:/ARMSPACE/DISCO-F469NI_LCD_demo/mbed/TARGET_DISCO_F469NI/TOOLCHAIN_GCC_ARM/stm32f4xx_hal_tim.o
LOAD C:/ARMSPACE/DISCO-F469NI_LCD_demo/mbed/TARGET_DISCO_F469NI/TOOLCHAIN_GCC_ARM/stm32f4xx_hal_tim_ex.o
LOAD C:/ARMSPACE/DISCO-F469NI_LCD_demo/mbed/TARGET_DISCO_F469NI/TOOLCHAIN_GCC_ARM/stm32f4xx_hal_uart.o
LOAD C:/ARMSPACE/DISCO-F469NI_LCD_demo/mbed/TARGET_DISCO_F469NI/TOOLCHAIN_GCC_ARM/stm32f4xx_hal_usart.o
LOAD C:/ARMSPACE/DISCO-F469NI_LCD_demo/mbed/TARGET_DISCO_F469NI/TOOLCHAIN_GCC_ARM/stm32f4xx_hal_wwdg.o
LOAD C:/ARMSPACE/DISCO-F469NI_LCD_demo/mbed/TARGET_DISCO_F469NI/TOOLCHAIN_GCC_ARM/stm32f4xx_ll_fmc.o
LOAD C:/ARMSPACE/DISCO-F469NI_LCD_demo/mbed/TARGET_DISCO_F469NI/TOOLCHAIN_GCC_ARM/stm32f4xx_ll_fsmc.o
LOAD C:/ARMSPACE/DISCO-F469NI_LCD_demo/mbed/TARGET_DISCO_F469NI/TOOLCHAIN_GCC_ARM/stm32f4xx_ll_sdmmc.o
LOAD C:/ARMSPACE/DISCO-F469NI_LCD_demo/mbed/TARGET_DISCO_F469NI/TOOLCHAIN_GCC_ARM/stm32f4xx_ll_usb.o
LOAD C:/ARMSPACE/DISCO-F469NI_LCD_demo/mbed/TARGET_DISCO_F469NI/TOOLCHAIN_GCC_ARM/system_stm32f4xx.o
LOAD C:\ARMSPACE\DISCO-F469NI_LCD_demo\mbed\TARGET_DISCO_F469NI\TOOLCHAIN_GCC_ARM\libmbed.a
LOAD c:/ac6/systemworkbench/plugins/fr.ac6.mcu.externaltools.arm-none.win32_1.7.0.201602121829/tools/compiler/bin/../lib/gcc/arm-none-eabi/5.2.1/../../../../arm-none-eabi/lib/armv7e-m\libstdc++_nano.a
LOAD c:/ac6/systemworkbench/plugins/fr.ac6.mcu.externaltools.arm-none.win32_1.7.0.201602121829/tools/compiler/bin/../lib/gcc/arm-none-eabi/5.2.1/../../../../arm-none-eabi/lib/armv7e-m\libm.a
START GROUP
LOAD c:/ac6/systemworkbench/plugins/fr.ac6.mcu.externaltools.arm-none.win32_1.7.0.201602121829/tools/compiler/bin/../lib/gcc/arm-none-eabi/5.2.1/armv7e-m\libgcc.a
LOAD c:/ac6/systemworkbench/plugins/fr.ac6.mcu.externaltools.arm-none.win32_1.7.0.201602121829/tools/compiler/bin/../lib/gcc/arm-none-eabi/5.2.1/../../../../arm-none-eabi/lib/armv7e-m\libc_nano.a
END GROUP
START GROUP
LOAD c:/ac6/systemworkbench/plugins/fr.ac6.mcu.externaltools.arm-none.win32_1.7.0.201602121829/tools/compiler/bin/../lib/gcc/arm-none-eabi/5.2.1/armv7e-m\libgcc.a
LOAD c:/ac6/systemworkbench/plugins/fr.ac6.mcu.externaltools.arm-none.win32_1.7.0.201602121829/tools/compiler/bin/../lib/gcc/arm-none-eabi/5.2.1/../../../../arm-none-eabi/lib/armv7e-m\libc_nano.a
END GROUP
LOAD c:/ac6/systemworkbench/plugins/fr.ac6.mcu.externaltools.arm-none.win32_1.7.0.201602121829/tools/compiler/bin/../lib/gcc/arm-none-eabi/5.2.1/armv7e-m/crtend.o
LOAD c:/ac6/systemworkbench/plugins/fr.ac6.mcu.externaltools.arm-none.win32_1.7.0.201602121829/tools/compiler/bin/../lib/gcc/arm-none-eabi/5.2.1/armv7e-m/crtn.o

.text           0x08000000     0x89f8
 *(.isr_vector)
 .isr_vector    0x08000000      0x1b4 C:/ARMSPACE/DISCO-F469NI_LCD_demo/mbed/TARGET_DISCO_F469NI/TOOLCHAIN_GCC_ARM/startup_stm32f469xx.o
                0x08000000                g_pfnVectors
 *(.text*)
 .text          0x080001b4       0xa4 c:/ac6/systemworkbench/plugins/fr.ac6.mcu.externaltools.arm-none.win32_1.7.0.201602121829/tools/compiler/bin/../lib/gcc/arm-none-eabi/5.2.1/armv7e-m/crtbegin.o
 .text          0x08000258       0x74 c:/ac6/systemworkbench/plugins/fr.ac6.mcu.externaltools.arm-none.win32_1.7.0.201602121829/tools/compiler/bin/../lib/gcc/arm-none-eabi/5.2.1/../../../../arm-none-eabi/lib/armv7e-m/crt0.o
                0x08000258                _start
                0x08000258                _mainCRTStartup
 .text.OTM8009A_Init
                0x080002cc      0x48c BSP_DISCO_F469NI/Components/otm8009a/otm8009a.o
                0x080002cc                OTM8009A_Init
 .text.OTM8009A_IO_Delay
                0x08000758        0x4 BSP_DISCO_F469NI/stm32469i_discovery/stm32469i_discovery.o
                0x08000758                OTM8009A_IO_Delay
 .text.BSP_LCD_LayerDefaultInit
                0x0800075c       0x74 BSP_DISCO_F469NI/stm32469i_discovery/stm32469i_discovery_lcd.o
                0x0800075c                BSP_LCD_LayerDefaultInit
 .text.BSP_LCD_SetTextColor
                0x080007d0       0x14 BSP_DISCO_F469NI/stm32469i_discovery/stm32469i_discovery_lcd.o
                0x080007d0                BSP_LCD_SetTextColor
 .text.BSP_LCD_SetBackColor
                0x080007e4       0x14 BSP_DISCO_F469NI/stm32469i_discovery/stm32469i_discovery_lcd.o
                0x080007e4                BSP_LCD_SetBackColor
 .text.BSP_LCD_SetFont
                0x080007f8       0x14 BSP_DISCO_F469NI/stm32469i_discovery/stm32469i_discovery_lcd.o
                0x080007f8                BSP_LCD_SetFont
 .text.BSP_LCD_GetFont
                0x0800080c       0x14 BSP_DISCO_F469NI/stm32469i_discovery/stm32469i_discovery_lcd.o
                0x0800080c                BSP_LCD_GetFont
 .text.BSP_LCD_Clear
                0x08000820       0x80 BSP_DISCO_F469NI/stm32469i_discovery/stm32469i_discovery_lcd.o
                0x08000820                BSP_LCD_Clear
 .text.BSP_LCD_DisplayChar
                0x080008a0      0x10c BSP_DISCO_F469NI/stm32469i_discovery/stm32469i_discovery_lcd.o
                0x080008a0                BSP_LCD_DisplayChar
 .text.BSP_LCD_DisplayStringAt
                0x080009ac       0xa8 BSP_DISCO_F469NI/stm32469i_discovery/stm32469i_discovery_lcd.o
                0x080009ac                BSP_LCD_DisplayStringAt
 .text.BSP_LCD_DrawVLine
                0x08000a54       0xa0 BSP_DISCO_F469NI/stm32469i_discovery/stm32469i_discovery_lcd.o
                0x08000a54                BSP_LCD_DrawVLine
 .text.BSP_LCD_FillRect
                0x08000af4       0xa8 BSP_DISCO_F469NI/stm32469i_discovery/stm32469i_discovery_lcd.o
                0x08000af4                BSP_LCD_FillRect
 .text.DSI_IO_WriteCmd
                0x08000b9c       0x3c BSP_DISCO_F469NI/stm32469i_discovery/stm32469i_discovery_lcd.o
                0x08000b9c                DSI_IO_WriteCmd
 .text.BSP_LCD_MspInit
                0x08000bd8       0xa8 BSP_DISCO_F469NI/stm32469i_discovery/stm32469i_discovery_lcd.o
                0x08000bd8                BSP_LCD_MspInit
 .text.BSP_LCD_InitEx
                0x08000c80      0x1d4 BSP_DISCO_F469NI/stm32469i_discovery/stm32469i_discovery_lcd.o
                0x08000c80                BSP_LCD_InitEx
 .text.BSP_LCD_Init
                0x08000e54        0x8 BSP_DISCO_F469NI/stm32469i_discovery/stm32469i_discovery_lcd.o
                0x08000e54                BSP_LCD_Init
 .text.BSP_SDRAM_MspInit
                0x08000e5c      0x1ac BSP_DISCO_F469NI/stm32469i_discovery/stm32469i_discovery_sdram.o
                0x08000e5c                BSP_SDRAM_MspInit
 .text.BSP_SDRAM_Init
                0x08001008      0x118 BSP_DISCO_F469NI/stm32469i_discovery/stm32469i_discovery_sdram.o
                0x08001008                BSP_SDRAM_Init
 .text._ZN16LCD_DISCO_F469NIC2Ev
                0x08001120       0x30 LCD_DISCO_F469NI/LCD_DISCO_F469NI.o
                0x08001120                LCD_DISCO_F469NI::LCD_DISCO_F469NI()
                0x08001120                LCD_DISCO_F469NI::LCD_DISCO_F469NI()
 .text._ZN16LCD_DISCO_F469NID2Ev
                0x08001150        0x4 LCD_DISCO_F469NI/LCD_DISCO_F469NI.o
                0x08001150                LCD_DISCO_F469NI::~LCD_DISCO_F469NI()
                0x08001150                LCD_DISCO_F469NI::~LCD_DISCO_F469NI()
 .text._ZN16LCD_DISCO_F469NI12SetTextColorEm
                0x08001154        0x8 LCD_DISCO_F469NI/LCD_DISCO_F469NI.o
                0x08001154                LCD_DISCO_F469NI::SetTextColor(unsigned long)
 .text._ZN16LCD_DISCO_F469NI12SetBackColorEm
                0x0800115c        0x8 LCD_DISCO_F469NI/LCD_DISCO_F469NI.o
                0x0800115c                LCD_DISCO_F469NI::SetBackColor(unsigned long)
 .text._ZN16LCD_DISCO_F469NI7SetFontEP6_tFont
                0x08001164        0x8 LCD_DISCO_F469NI/LCD_DISCO_F469NI.o
                0x08001164                LCD_DISCO_F469NI::SetFont(_tFont*)
 .text._ZN16LCD_DISCO_F469NI7GetFontEv
                0x0800116c        0x4 LCD_DISCO_F469NI/LCD_DISCO_F469NI.o
                0x0800116c                LCD_DISCO_F469NI::GetFont()
 .text._ZN16LCD_DISCO_F469NI15DisplayStringAtEttPh20Text_AlignModeTypdef
                0x08001170       0x10 LCD_DISCO_F469NI/LCD_DISCO_F469NI.o
                0x08001170                LCD_DISCO_F469NI::DisplayStringAt(unsigned short, unsigned short, unsigned char*, Text_AlignModeTypdef)
 .text._ZN16LCD_DISCO_F469NI9DrawVLineEttt
                0x08001180        0xc LCD_DISCO_F469NI/LCD_DISCO_F469NI.o
                0x08001180                LCD_DISCO_F469NI::DrawVLine(unsigned short, unsigned short, unsigned short)
 .text._ZN16LCD_DISCO_F469NI8FillRectEtttt
                0x0800118c       0x10 LCD_DISCO_F469NI/LCD_DISCO_F469NI.o
                0x0800118c                LCD_DISCO_F469NI::FillRect(unsigned short, unsigned short, unsigned short, unsigned short)
 .text._ZN6ButtonC2Ev
                0x0800119c       0x30 gui/gui.o
                0x0800119c                Button::Button()
                0x0800119c                Button::Button()
 .text._ZN6Button4DrawEP16LCD_DISCO_F469NI
                0x080011cc      0x108 gui/gui.o
                0x080011cc                Button::Draw(LCD_DISCO_F469NI*)
 .text._ZN8SpectrumC2Ev
                0x080012d4       0x6c gui/gui.o
                0x080012d4                Spectrum::Spectrum()
                0x080012d4                Spectrum::Spectrum()
 .text._ZN8Spectrum4DrawEP16LCD_DISCO_F469NI
                0x08001340       0x38 gui/gui.o
                0x08001340                Spectrum::Draw(LCD_DISCO_F469NI*)
 .text._ZN8Spectrum7RefreshEv
                0x08001378       0x6c gui/gui.o
                0x08001378                Spectrum::Refresh()
 .text.startup._GLOBAL__sub_I_ain0
                0x080013e4        0xc gui/gui.o
 .text.startup.main
                0x080013f0       0xb0 main.o
                0x080013f0                main
 .text.startup._GLOBAL__sub_I_lcd
                0x080014a0       0x3c main.o
 .text.mbed_die
                0x080014dc       0x5c C:/ARMSPACE/DISCO-F469NI_LCD_demo/mbed/TARGET_DISCO_F469NI/TOOLCHAIN_GCC_ARM/board.o
                0x080014dc                mbed_die
 .text.NVIC_SetVector
                0x08001538       0x48 C:/ARMSPACE/DISCO-F469NI_LCD_demo/mbed/TARGET_DISCO_F469NI/TOOLCHAIN_GCC_ARM/cmsis_nvic.o
                0x08001538                NVIC_SetVector
 .text.timer_irq_handler
                0x08001580       0x50 C:/ARMSPACE/DISCO-F469NI_LCD_demo/mbed/TARGET_DISCO_F469NI/TOOLCHAIN_GCC_ARM/hal_tick.o
                0x08001580                timer_irq_handler
 .text.HAL_InitTick
                0x080015d0       0xbc C:/ARMSPACE/DISCO-F469NI_LCD_demo/mbed/TARGET_DISCO_F469NI/TOOLCHAIN_GCC_ARM/hal_tick.o
                0x080015d0                HAL_InitTick
 .text._ZL11init_serialv.part.0
                0x0800168c       0x10 C:/ARMSPACE/DISCO-F469NI_LCD_demo/mbed/TARGET_DISCO_F469NI/TOOLCHAIN_GCC_ARM/retarget.o
 .text._close   0x0800169c       0x28 C:/ARMSPACE/DISCO-F469NI_LCD_demo/mbed/TARGET_DISCO_F469NI/TOOLCHAIN_GCC_ARM/retarget.o
                0x0800169c                _close
 .text._write   0x080016c4       0x4c C:/ARMSPACE/DISCO-F469NI_LCD_demo/mbed/TARGET_DISCO_F469NI/TOOLCHAIN_GCC_ARM/retarget.o
                0x080016c4                _write
 .text._read    0x08001710       0x44 C:/ARMSPACE/DISCO-F469NI_LCD_demo/mbed/TARGET_DISCO_F469NI/TOOLCHAIN_GCC_ARM/retarget.o
                0x08001710                _read
 .text._isatty  0x08001754       0x24 C:/ARMSPACE/DISCO-F469NI_LCD_demo/mbed/TARGET_DISCO_F469NI/TOOLCHAIN_GCC_ARM/retarget.o
                0x08001754                _isatty
 .text._lseek   0x08001778       0x24 C:/ARMSPACE/DISCO-F469NI_LCD_demo/mbed/TARGET_DISCO_F469NI/TOOLCHAIN_GCC_ARM/retarget.o
                0x08001778                _lseek
 .text._fstat   0x0800179c       0x20 C:/ARMSPACE/DISCO-F469NI_LCD_demo/mbed/TARGET_DISCO_F469NI/TOOLCHAIN_GCC_ARM/retarget.o
                0x0800179c                _fstat
 .text._sbrk    0x080017bc       0x28 C:/ARMSPACE/DISCO-F469NI_LCD_demo/mbed/TARGET_DISCO_F469NI/TOOLCHAIN_GCC_ARM/retarget.o
                0x080017bc                _sbrk
 .text._exit    0x080017e4       0x24 C:/ARMSPACE/DISCO-F469NI_LCD_demo/mbed/TARGET_DISCO_F469NI/TOOLCHAIN_GCC_ARM/retarget.o
                0x080017e4                _exit
 .text.Reset_Handler
                0x08001808       0x4c C:/ARMSPACE/DISCO-F469NI_LCD_demo/mbed/TARGET_DISCO_F469NI/TOOLCHAIN_GCC_ARM/startup_stm32f469xx.o
                0x08001808                Reset_Handler
 .text.Default_Handler
                0x08001854        0x2 C:/ARMSPACE/DISCO-F469NI_LCD_demo/mbed/TARGET_DISCO_F469NI/TOOLCHAIN_GCC_ARM/startup_stm32f469xx.o
                0x08001854                RTC_Alarm_IRQHandler
                0x08001854                HASH_RNG_IRQHandler
                0x08001854                EXTI2_IRQHandler
                0x08001854                TIM8_CC_IRQHandler
                0x08001854                DebugMon_Handler
                0x08001854                UART8_IRQHandler
                0x08001854                SPI4_IRQHandler
                0x08001854                TIM1_CC_IRQHandler
                0x08001854                DMA2_Stream5_IRQHandler
                0x08001854                HardFault_Handler
                0x08001854                DMA1_Stream5_IRQHandler
                0x08001854                SysTick_Handler
                0x08001854                PVD_IRQHandler
                0x08001854                SDIO_IRQHandler
                0x08001854                TAMP_STAMP_IRQHandler
                0x08001854                PendSV_Handler
                0x08001854                NMI_Handler
                0x08001854                CAN2_RX1_IRQHandler
                0x08001854                EXTI3_IRQHandler
                0x08001854                TIM8_TRG_COM_TIM14_IRQHandler
                0x08001854                TIM1_UP_TIM10_IRQHandler
                0x08001854                TIM8_UP_TIM13_IRQHandler
                0x08001854                I2C3_ER_IRQHandler
                0x08001854                EXTI0_IRQHandler
                0x08001854                I2C2_EV_IRQHandler
                0x08001854                DMA1_Stream2_IRQHandler
                0x08001854                CAN1_RX0_IRQHandler
                0x08001854                FPU_IRQHandler
                0x08001854                OTG_HS_WKUP_IRQHandler
                0x08001854                UsageFault_Handler
                0x08001854                LTDC_ER_IRQHandler
                0x08001854                CAN2_SCE_IRQHandler
                0x08001854                DMA2_Stream2_IRQHandler
                0x08001854                SPI1_IRQHandler
                0x08001854                TIM6_DAC_IRQHandler
                0x08001854                TIM1_BRK_TIM9_IRQHandler
                0x08001854                DCMI_IRQHandler
                0x08001854                CAN2_RX0_IRQHandler
                0x08001854                DMA2_Stream3_IRQHandler
                0x08001854                USART6_IRQHandler
                0x08001854                USART3_IRQHandler
                0x08001854                CAN1_RX1_IRQHandler
                0x08001854                UART5_IRQHandler
                0x08001854                DMA2_Stream0_IRQHandler
                0x08001854                TIM4_IRQHandler
                0x08001854                QUADSPI_IRQHandler
                0x08001854                I2C1_EV_IRQHandler
                0x08001854                DMA1_Stream6_IRQHandler
                0x08001854                DMA1_Stream1_IRQHandler
                0x08001854                UART4_IRQHandler
                0x08001854                TIM3_IRQHandler
                0x08001854                RCC_IRQHandler
                0x08001854                TIM8_BRK_TIM12_IRQHandler
                0x08001854                Default_Handler
                0x08001854                EXTI15_10_IRQHandler
                0x08001854                ADC_IRQHandler
                0x08001854                DMA1_Stream7_IRQHandler
                0x08001854                SPI5_IRQHandler
                0x08001854                TIM7_IRQHandler
                0x08001854                CAN2_TX_IRQHandler
                0x08001854                TIM5_IRQHandler
                0x08001854                DMA2_Stream7_IRQHandler
                0x08001854                I2C3_EV_IRQHandler
                0x08001854                EXTI9_5_IRQHandler
                0x08001854                RTC_WKUP_IRQHandler
                0x08001854                LTDC_IRQHandler
                0x08001854                ETH_WKUP_IRQHandler
                0x08001854                SPI2_IRQHandler
                0x08001854                OTG_HS_EP1_IN_IRQHandler
                0x08001854                MemManage_Handler
                0x08001854                DMA1_Stream0_IRQHandler
                0x08001854                CAN1_TX_IRQHandler
                0x08001854                SVC_Handler
                0x08001854                EXTI4_IRQHandler
                0x08001854                DSI_IRQHandler
                0x08001854                ETH_IRQHandler
                0x08001854                OTG_HS_EP1_OUT_IRQHandler
                0x08001854                WWDG_IRQHandler
                0x08001854                SPI6_IRQHandler
                0x08001854                TIM2_IRQHandler
                0x08001854                OTG_FS_WKUP_IRQHandler
                0x08001854                TIM1_TRG_COM_TIM11_IRQHandler
                0x08001854                OTG_HS_IRQHandler
                0x08001854                DMA2D_IRQHandler
                0x08001854                EXTI1_IRQHandler
                0x08001854                UART7_IRQHandler
                0x08001854                USART2_IRQHandler
                0x08001854                I2C2_ER_IRQHandler
                0x08001854                DMA2_Stream1_IRQHandler
                0x08001854                CAN1_SCE_IRQHandler
                0x08001854                FLASH_IRQHandler
                0x08001854                DMA2_Stream4_IRQHandler
                0x08001854                BusFault_Handler
                0x08001854                USART1_IRQHandler
                0x08001854                OTG_FS_IRQHandler
                0x08001854                SPI3_IRQHandler
                0x08001854                DMA1_Stream4_IRQHandler
                0x08001854                I2C1_ER_IRQHandler
                0x08001854                FMC_IRQHandler
                0x08001854                DMA2_Stream6_IRQHandler
                0x08001854                SAI1_IRQHandler
                0x08001854                DMA1_Stream3_IRQHandler
 *fill*         0x08001856        0x2 
 .text.HAL_Init
                0x08001858       0x34 C:/ARMSPACE/DISCO-F469NI_LCD_demo/mbed/TARGET_DISCO_F469NI/TOOLCHAIN_GCC_ARM/stm32f4xx_hal.o
                0x08001858                HAL_Init
 .text.HAL_IncTick
                0x0800188c       0x10 C:/ARMSPACE/DISCO-F469NI_LCD_demo/mbed/TARGET_DISCO_F469NI/TOOLCHAIN_GCC_ARM/stm32f4xx_hal.o
                0x0800188c                HAL_IncTick
 .text.HAL_GetTick
                0x0800189c        0xc C:/ARMSPACE/DISCO-F469NI_LCD_demo/mbed/TARGET_DISCO_F469NI/TOOLCHAIN_GCC_ARM/stm32f4xx_hal.o
                0x0800189c                HAL_GetTick
 .text.HAL_ADC_MspInit
                0x080018a8        0x4 C:/ARMSPACE/DISCO-F469NI_LCD_demo/mbed/TARGET_DISCO_F469NI/TOOLCHAIN_GCC_ARM/stm32f4xx_hal_adc.o
                0x080018a8                HAL_ADC_MspInit
 .text.HAL_ADC_Init
                0x080018ac      0x148 C:/ARMSPACE/DISCO-F469NI_LCD_demo/mbed/TARGET_DISCO_F469NI/TOOLCHAIN_GCC_ARM/stm32f4xx_hal_adc.o
                0x080018ac                HAL_ADC_Init
 .text.HAL_ADC_Start
                0x080019f4       0xc0 C:/ARMSPACE/DISCO-F469NI_LCD_demo/mbed/TARGET_DISCO_F469NI/TOOLCHAIN_GCC_ARM/stm32f4xx_hal_adc.o
                0x080019f4                HAL_ADC_Start
 .text.HAL_ADC_PollForConversion
                0x08001ab4       0x68 C:/ARMSPACE/DISCO-F469NI_LCD_demo/mbed/TARGET_DISCO_F469NI/TOOLCHAIN_GCC_ARM/stm32f4xx_hal_adc.o
                0x08001ab4                HAL_ADC_PollForConversion
 .text.HAL_ADC_GetValue
                0x08001b1c        0x8 C:/ARMSPACE/DISCO-F469NI_LCD_demo/mbed/TARGET_DISCO_F469NI/TOOLCHAIN_GCC_ARM/stm32f4xx_hal_adc.o
                0x08001b1c                HAL_ADC_GetValue
 .text.HAL_ADC_ConfigChannel
                0x08001b24      0x148 C:/ARMSPACE/DISCO-F469NI_LCD_demo/mbed/TARGET_DISCO_F469NI/TOOLCHAIN_GCC_ARM/stm32f4xx_hal_adc.o
                0x08001b24                HAL_ADC_ConfigChannel
 .text.HAL_NVIC_SetPriorityGrouping
                0x08001c6c       0x24 C:/ARMSPACE/DISCO-F469NI_LCD_demo/mbed/TARGET_DISCO_F469NI/TOOLCHAIN_GCC_ARM/stm32f4xx_hal_cortex.o
                0x08001c6c                HAL_NVIC_SetPriorityGrouping
 .text.HAL_NVIC_SetPriority
                0x08001c90       0x6c C:/ARMSPACE/DISCO-F469NI_LCD_demo/mbed/TARGET_DISCO_F469NI/TOOLCHAIN_GCC_ARM/stm32f4xx_hal_cortex.o
                0x08001c90                HAL_NVIC_SetPriority
 .text.HAL_NVIC_EnableIRQ
                0x08001cfc       0x18 C:/ARMSPACE/DISCO-F469NI_LCD_demo/mbed/TARGET_DISCO_F469NI/TOOLCHAIN_GCC_ARM/stm32f4xx_hal_cortex.o
                0x08001cfc                HAL_NVIC_EnableIRQ
 .text.HAL_DMA_Init
                0x08001d14       0xd0 C:/ARMSPACE/DISCO-F469NI_LCD_demo/mbed/TARGET_DISCO_F469NI/TOOLCHAIN_GCC_ARM/stm32f4xx_hal_dma.o
                0x08001d14                HAL_DMA_Init
 .text.HAL_DMA_DeInit
                0x08001de4       0x70 C:/ARMSPACE/DISCO-F469NI_LCD_demo/mbed/TARGET_DISCO_F469NI/TOOLCHAIN_GCC_ARM/stm32f4xx_hal_dma.o
                0x08001de4                HAL_DMA_DeInit
 .text.DMA2D_SetConfig
                0x08001e54       0x88 C:/ARMSPACE/DISCO-F469NI_LCD_demo/mbed/TARGET_DISCO_F469NI/TOOLCHAIN_GCC_ARM/stm32f4xx_hal_dma2d.o
 .text.HAL_DMA2D_MspInit
                0x08001edc        0x4 C:/ARMSPACE/DISCO-F469NI_LCD_demo/mbed/TARGET_DISCO_F469NI/TOOLCHAIN_GCC_ARM/stm32f4xx_hal_dma2d.o
                0x08001edc                HAL_DMA2D_MspInit
 .text.HAL_DMA2D_Init
                0x08001ee0       0x5c C:/ARMSPACE/DISCO-F469NI_LCD_demo/mbed/TARGET_DISCO_F469NI/TOOLCHAIN_GCC_ARM/stm32f4xx_hal_dma2d.o
                0x08001ee0                HAL_DMA2D_Init
 .text.HAL_DMA2D_Start
                0x08001f3c       0x40 C:/ARMSPACE/DISCO-F469NI_LCD_demo/mbed/TARGET_DISCO_F469NI/TOOLCHAIN_GCC_ARM/stm32f4xx_hal_dma2d.o
                0x08001f3c                HAL_DMA2D_Start
 .text.HAL_DMA2D_PollForTransfer
                0x08001f7c       0xd0 C:/ARMSPACE/DISCO-F469NI_LCD_demo/mbed/TARGET_DISCO_F469NI/TOOLCHAIN_GCC_ARM/stm32f4xx_hal_dma2d.o
                0x08001f7c                HAL_DMA2D_PollForTransfer
 .text.HAL_DMA2D_ConfigLayer
                0x0800204c       0xf4 C:/ARMSPACE/DISCO-F469NI_LCD_demo/mbed/TARGET_DISCO_F469NI/TOOLCHAIN_GCC_ARM/stm32f4xx_hal_dma2d.o
                0x0800204c                HAL_DMA2D_ConfigLayer
 .text.HAL_DSI_MspInit
                0x08002140        0x4 C:/ARMSPACE/DISCO-F469NI_LCD_demo/mbed/TARGET_DISCO_F469NI/TOOLCHAIN_GCC_ARM/stm32f4xx_hal_dsi.o
                0x08002140                HAL_DSI_MspInit
 .text.HAL_DSI_Init
                0x08002144      0x140 C:/ARMSPACE/DISCO-F469NI_LCD_demo/mbed/TARGET_DISCO_F469NI/TOOLCHAIN_GCC_ARM/stm32f4xx_hal_dsi.o
                0x08002144                HAL_DSI_Init
 .text.HAL_DSI_MspDeInit
                0x08002284        0x4 C:/ARMSPACE/DISCO-F469NI_LCD_demo/mbed/TARGET_DISCO_F469NI/TOOLCHAIN_GCC_ARM/stm32f4xx_hal_dsi.o
                0x08002284                HAL_DSI_MspDeInit
 .text.HAL_DSI_DeInit
                0x08002288       0x58 C:/ARMSPACE/DISCO-F469NI_LCD_demo/mbed/TARGET_DISCO_F469NI/TOOLCHAIN_GCC_ARM/stm32f4xx_hal_dsi.o
                0x08002288                HAL_DSI_DeInit
 .text.HAL_DSI_ConfigVideoMode
                0x080022e0      0x244 C:/ARMSPACE/DISCO-F469NI_LCD_demo/mbed/TARGET_DISCO_F469NI/TOOLCHAIN_GCC_ARM/stm32f4xx_hal_dsi.o
                0x080022e0                HAL_DSI_ConfigVideoMode
 .text.HAL_DSI_Start
                0x08002524       0x30 C:/ARMSPACE/DISCO-F469NI_LCD_demo/mbed/TARGET_DISCO_F469NI/TOOLCHAIN_GCC_ARM/stm32f4xx_hal_dsi.o
                0x08002524                HAL_DSI_Start
 .text.HAL_DSI_ShortWrite
                0x08002554       0x5c C:/ARMSPACE/DISCO-F469NI_LCD_demo/mbed/TARGET_DISCO_F469NI/TOOLCHAIN_GCC_ARM/stm32f4xx_hal_dsi.o
                0x08002554                HAL_DSI_ShortWrite
 .text.HAL_DSI_LongWrite
                0x080025b0       0xb4 C:/ARMSPACE/DISCO-F469NI_LCD_demo/mbed/TARGET_DISCO_F469NI/TOOLCHAIN_GCC_ARM/stm32f4xx_hal_dsi.o
                0x080025b0                HAL_DSI_LongWrite
 .text.HAL_MspInit
                0x08002664        0x4 C:/ARMSPACE/DISCO-F469NI_LCD_demo/mbed/TARGET_DISCO_F469NI/TOOLCHAIN_GCC_ARM/stm32f4xx_hal_msp_template.o
                0x08002664                HAL_MspInit
 .text.HAL_GPIO_Init
                0x08002668      0x268 C:/ARMSPACE/DISCO-F469NI_LCD_demo/mbed/TARGET_DISCO_F469NI/TOOLCHAIN_GCC_ARM/stm32f4xx_hal_gpio.o
                0x08002668                HAL_GPIO_Init
 .text.HAL_GPIO_WritePin
                0x080028d0        0x8 C:/ARMSPACE/DISCO-F469NI_LCD_demo/mbed/TARGET_DISCO_F469NI/TOOLCHAIN_GCC_ARM/stm32f4xx_hal_gpio.o
                0x080028d0                HAL_GPIO_WritePin
 .text.LTDC_SetConfig
                0x080028d8      0x138 C:/ARMSPACE/DISCO-F469NI_LCD_demo/mbed/TARGET_DISCO_F469NI/TOOLCHAIN_GCC_ARM/stm32f4xx_hal_ltdc.o
 .text.HAL_LTDC_MspInit
                0x08002a10        0x4 C:/ARMSPACE/DISCO-F469NI_LCD_demo/mbed/TARGET_DISCO_F469NI/TOOLCHAIN_GCC_ARM/stm32f4xx_hal_ltdc.o
                0x08002a10                HAL_LTDC_MspInit
 .text.HAL_LTDC_Init
                0x08002a14      0x11c C:/ARMSPACE/DISCO-F469NI_LCD_demo/mbed/TARGET_DISCO_F469NI/TOOLCHAIN_GCC_ARM/stm32f4xx_hal_ltdc.o
                0x08002a14                HAL_LTDC_Init
 .text.HAL_LTDC_ConfigLayer
                0x08002b30       0x60 C:/ARMSPACE/DISCO-F469NI_LCD_demo/mbed/TARGET_DISCO_F469NI/TOOLCHAIN_GCC_ARM/stm32f4xx_hal_ltdc.o
                0x08002b30                HAL_LTDC_ConfigLayer
 .text.HAL_LTDC_StructInitFromVideoConfig
                0x08002b90       0x4c C:/ARMSPACE/DISCO-F469NI_LCD_demo/mbed/TARGET_DISCO_F469NI/TOOLCHAIN_GCC_ARM/stm32f4xx_hal_ltdc_ex.o
                0x08002b90                HAL_LTDC_StructInitFromVideoConfig
 .text.HAL_RCC_ClockConfig
                0x08002bdc      0x1fc C:/ARMSPACE/DISCO-F469NI_LCD_demo/mbed/TARGET_DISCO_F469NI/TOOLCHAIN_GCC_ARM/stm32f4xx_hal_rcc.o
                0x08002bdc                HAL_RCC_ClockConfig
 .text.HAL_RCC_GetSysClockFreq
                0x08002dd8       0x80 C:/ARMSPACE/DISCO-F469NI_LCD_demo/mbed/TARGET_DISCO_F469NI/TOOLCHAIN_GCC_ARM/stm32f4xx_hal_rcc.o
                0x08002dd8                HAL_RCC_GetSysClockFreq
 .text.HAL_RCC_GetHCLKFreq
                0x08002e58       0x34 C:/ARMSPACE/DISCO-F469NI_LCD_demo/mbed/TARGET_DISCO_F469NI/TOOLCHAIN_GCC_ARM/stm32f4xx_hal_rcc.o
                0x08002e58                HAL_RCC_GetHCLKFreq
 .text.HAL_RCC_GetPCLK1Freq
                0x08002e8c       0x2c C:/ARMSPACE/DISCO-F469NI_LCD_demo/mbed/TARGET_DISCO_F469NI/TOOLCHAIN_GCC_ARM/stm32f4xx_hal_rcc.o
                0x08002e8c                HAL_RCC_GetPCLK1Freq
 .text.HAL_RCC_GetPCLK2Freq
                0x08002eb8       0x2c C:/ARMSPACE/DISCO-F469NI_LCD_demo/mbed/TARGET_DISCO_F469NI/TOOLCHAIN_GCC_ARM/stm32f4xx_hal_rcc.o
                0x08002eb8                HAL_RCC_GetPCLK2Freq
 .text.HAL_RCCEx_PeriphCLKConfig
                0x08002ee4      0x414 C:/ARMSPACE/DISCO-F469NI_LCD_demo/mbed/TARGET_DISCO_F469NI/TOOLCHAIN_GCC_ARM/stm32f4xx_hal_rcc_ex.o
                0x08002ee4                HAL_RCCEx_PeriphCLKConfig
 .text.HAL_RCC_OscConfig
                0x080032f8      0x368 C:/ARMSPACE/DISCO-F469NI_LCD_demo/mbed/TARGET_DISCO_F469NI/TOOLCHAIN_GCC_ARM/stm32f4xx_hal_rcc_ex.o
                0x080032f8                HAL_RCC_OscConfig
 .text.HAL_SDRAM_MspInit
                0x08003660        0x4 C:/ARMSPACE/DISCO-F469NI_LCD_demo/mbed/TARGET_DISCO_F469NI/TOOLCHAIN_GCC_ARM/stm32f4xx_hal_sdram.o
                0x08003660                HAL_SDRAM_MspInit
 .text.HAL_SDRAM_Init
                0x08003664       0x44 C:/ARMSPACE/DISCO-F469NI_LCD_demo/mbed/TARGET_DISCO_F469NI/TOOLCHAIN_GCC_ARM/stm32f4xx_hal_sdram.o
                0x08003664                HAL_SDRAM_Init
 .text.HAL_SDRAM_SendCommand
                0x080036a8       0x34 C:/ARMSPACE/DISCO-F469NI_LCD_demo/mbed/TARGET_DISCO_F469NI/TOOLCHAIN_GCC_ARM/stm32f4xx_hal_sdram.o
                0x080036a8                HAL_SDRAM_SendCommand
 .text.HAL_SDRAM_ProgramRefreshRate
                0x080036dc       0x28 C:/ARMSPACE/DISCO-F469NI_LCD_demo/mbed/TARGET_DISCO_F469NI/TOOLCHAIN_GCC_ARM/stm32f4xx_hal_sdram.o
                0x080036dc                HAL_SDRAM_ProgramRefreshRate
 .text.HAL_TIM_OC_MspInit
                0x08003704        0x4 C:/ARMSPACE/DISCO-F469NI_LCD_demo/mbed/TARGET_DISCO_F469NI/TOOLCHAIN_GCC_ARM/stm32f4xx_hal_tim.o
                0x08003704                HAL_TIM_OC_MspInit
 .text.HAL_TIM_OC_Start
                0x08003708       0x44 C:/ARMSPACE/DISCO-F469NI_LCD_demo/mbed/TARGET_DISCO_F469NI/TOOLCHAIN_GCC_ARM/stm32f4xx_hal_tim.o
                0x08003708                HAL_TIM_OC_Start
 .text.TIM_Base_SetConfig
                0x0800374c       0xe4 C:/ARMSPACE/DISCO-F469NI_LCD_demo/mbed/TARGET_DISCO_F469NI/TOOLCHAIN_GCC_ARM/stm32f4xx_hal_tim.o
                0x0800374c                TIM_Base_SetConfig
 .text.HAL_TIM_OC_Init
                0x08003830       0x38 C:/ARMSPACE/DISCO-F469NI_LCD_demo/mbed/TARGET_DISCO_F469NI/TOOLCHAIN_GCC_ARM/stm32f4xx_hal_tim.o
                0x08003830                HAL_TIM_OC_Init
 .text.UART_SetConfig
                0x08003868      0x194 C:/ARMSPACE/DISCO-F469NI_LCD_demo/mbed/TARGET_DISCO_F469NI/TOOLCHAIN_GCC_ARM/stm32f4xx_hal_uart.o
 .text.HAL_UART_MspInit
                0x080039fc        0x4 C:/ARMSPACE/DISCO-F469NI_LCD_demo/mbed/TARGET_DISCO_F469NI/TOOLCHAIN_GCC_ARM/stm32f4xx_hal_uart.o
                0x080039fc                HAL_UART_MspInit
 .text.HAL_UART_Init
                0x08003a00       0x5c C:/ARMSPACE/DISCO-F469NI_LCD_demo/mbed/TARGET_DISCO_F469NI/TOOLCHAIN_GCC_ARM/stm32f4xx_hal_uart.o
                0x08003a00                HAL_UART_Init
 .text.FMC_SDRAM_Init
                0x08003a5c       0xa8 C:/ARMSPACE/DISCO-F469NI_LCD_demo/mbed/TARGET_DISCO_F469NI/TOOLCHAIN_GCC_ARM/stm32f4xx_ll_fmc.o
                0x08003a5c                FMC_SDRAM_Init
 .text.FMC_SDRAM_Timing_Init
                0x08003b04       0xb0 C:/ARMSPACE/DISCO-F469NI_LCD_demo/mbed/TARGET_DISCO_F469NI/TOOLCHAIN_GCC_ARM/stm32f4xx_ll_fmc.o
                0x08003b04                FMC_SDRAM_Timing_Init
 .text.FMC_SDRAM_SendCommand
                0x08003bb4       0x50 C:/ARMSPACE/DISCO-F469NI_LCD_demo/mbed/TARGET_DISCO_F469NI/TOOLCHAIN_GCC_ARM/stm32f4xx_ll_fmc.o
                0x08003bb4                FMC_SDRAM_SendCommand
 .text.FMC_SDRAM_ProgramRefreshRate
                0x08003c04       0x10 C:/ARMSPACE/DISCO-F469NI_LCD_demo/mbed/TARGET_DISCO_F469NI/TOOLCHAIN_GCC_ARM/stm32f4xx_ll_fmc.o
                0x08003c04                FMC_SDRAM_ProgramRefreshRate
 .text.SystemCoreClockUpdate
                0x08003c14       0x78 C:/ARMSPACE/DISCO-F469NI_LCD_demo/mbed/TARGET_DISCO_F469NI/TOOLCHAIN_GCC_ARM/system_stm32f4xx.o
                0x08003c14                SystemCoreClockUpdate
 .text.SystemClock_Config
                0x08003c8c       0x7c C:/ARMSPACE/DISCO-F469NI_LCD_demo/mbed/TARGET_DISCO_F469NI/TOOLCHAIN_GCC_ARM/system_stm32f4xx.o
                0x08003c8c                SystemClock_Config
 .text.SystemInit
                0x08003d08       0x78 C:/ARMSPACE/DISCO-F469NI_LCD_demo/mbed/TARGET_DISCO_F469NI/TOOLCHAIN_GCC_ARM/system_stm32f4xx.o
                0x08003d08                SystemInit
 .text.analogin_init
                0x08003d80      0x100 C:\ARMSPACE\DISCO-F469NI_LCD_demo\mbed\TARGET_DISCO_F469NI\TOOLCHAIN_GCC_ARM\libmbed.a(analogin_api.o)
                0x08003d80                analogin_init
 .text.analogin_read_u16
                0x08003e80       0xc4 C:\ARMSPACE\DISCO-F469NI_LCD_demo\mbed\TARGET_DISCO_F469NI\TOOLCHAIN_GCC_ARM\libmbed.a(analogin_api.o)
                0x08003e80                analogin_read_u16
 .text.init_uart
                0x08003f44       0x58 C:\ARMSPACE\DISCO-F469NI_LCD_demo\mbed\TARGET_DISCO_F469NI\TOOLCHAIN_GCC_ARM\libmbed.a(serial_api.o)
 .text.serial_init
                0x08003f9c      0x1e0 C:\ARMSPACE\DISCO-F469NI_LCD_demo\mbed\TARGET_DISCO_F469NI\TOOLCHAIN_GCC_ARM\libmbed.a(serial_api.o)
                0x08003f9c                serial_init
 .text.serial_getc
                0x0800417c       0x18 C:\ARMSPACE\DISCO-F469NI_LCD_demo\mbed\TARGET_DISCO_F469NI\TOOLCHAIN_GCC_ARM\libmbed.a(serial_api.o)
                0x0800417c                serial_getc
 .text.serial_putc
                0x08004194       0x18 C:\ARMSPACE\DISCO-F469NI_LCD_demo\mbed\TARGET_DISCO_F469NI\TOOLCHAIN_GCC_ARM\libmbed.a(serial_api.o)
                0x08004194                serial_putc
 .text.mbed_assert_internal
                0x080041ac       0x18 C:\ARMSPACE\DISCO-F469NI_LCD_demo\mbed\TARGET_DISCO_F469NI\TOOLCHAIN_GCC_ARM\libmbed.a(assert.o)
                0x080041ac                mbed_assert_internal
 .text.error    0x080041c4       0x24 C:\ARMSPACE\DISCO-F469NI_LCD_demo\mbed\TARGET_DISCO_F469NI\TOOLCHAIN_GCC_ARM\libmbed.a(error.o)
                0x080041c4                error
 .text.gpio_init_out
                0x080041e8       0x48 C:\ARMSPACE\DISCO-F469NI_LCD_demo\mbed\TARGET_DISCO_F469NI\TOOLCHAIN_GCC_ARM\libmbed.a(gpio.o)
                0x080041e8                gpio_init_out
 .text.pinmap_pinout
                0x08004230       0x44 C:\ARMSPACE\DISCO-F469NI_LCD_demo\mbed\TARGET_DISCO_F469NI\TOOLCHAIN_GCC_ARM\libmbed.a(pinmap_common.o)
                0x08004230                pinmap_pinout
 .text.pinmap_merge
                0x08004274       0x24 C:\ARMSPACE\DISCO-F469NI_LCD_demo\mbed\TARGET_DISCO_F469NI\TOOLCHAIN_GCC_ARM\libmbed.a(pinmap_common.o)
                0x08004274                pinmap_merge
 .text.pinmap_peripheral
                0x08004298       0x38 C:\ARMSPACE\DISCO-F469NI_LCD_demo\mbed\TARGET_DISCO_F469NI\TOOLCHAIN_GCC_ARM\libmbed.a(pinmap_common.o)
                0x08004298                pinmap_peripheral
 .text.pinmap_function
                0x080042d0       0x38 C:\ARMSPACE\DISCO-F469NI_LCD_demo\mbed\TARGET_DISCO_F469NI\TOOLCHAIN_GCC_ARM\libmbed.a(pinmap_common.o)
                0x080042d0                pinmap_function
 .text.wait_us  0x08004308       0x18 C:\ARMSPACE\DISCO-F469NI_LCD_demo\mbed\TARGET_DISCO_F469NI\TOOLCHAIN_GCC_ARM\libmbed.a(wait_api.o)
                0x08004308                wait_us
 .text.wait     0x08004320       0x1c C:\ARMSPACE\DISCO-F469NI_LCD_demo\mbed\TARGET_DISCO_F469NI\TOOLCHAIN_GCC_ARM\libmbed.a(wait_api.o)
                0x08004320                wait
 .text.wait_ms  0x0800433c        0xc C:\ARMSPACE\DISCO-F469NI_LCD_demo\mbed\TARGET_DISCO_F469NI\TOOLCHAIN_GCC_ARM\libmbed.a(wait_api.o)
                0x0800433c                wait_ms
 .text.us_ticker_irq_handler
                0x08004348        0xc C:\ARMSPACE\DISCO-F469NI_LCD_demo\mbed\TARGET_DISCO_F469NI\TOOLCHAIN_GCC_ARM\libmbed.a(us_ticker_api.o)
                0x08004348                us_ticker_irq_handler
 .text.gpio_set
                0x08004354       0x30 C:\ARMSPACE\DISCO-F469NI_LCD_demo\mbed\TARGET_DISCO_F469NI\TOOLCHAIN_GCC_ARM\libmbed.a(gpio_api.o)
                0x08004354                gpio_set
 .text.gpio_init
                0x08004384       0x2c C:\ARMSPACE\DISCO-F469NI_LCD_demo\mbed\TARGET_DISCO_F469NI\TOOLCHAIN_GCC_ARM\libmbed.a(gpio_api.o)
                0x08004384                gpio_init
 .text.gpio_mode
                0x080043b0        0x8 C:\ARMSPACE\DISCO-F469NI_LCD_demo\mbed\TARGET_DISCO_F469NI\TOOLCHAIN_GCC_ARM\libmbed.a(gpio_api.o)
                0x080043b0                gpio_mode
 .text.gpio_dir
                0x080043b8       0x40 C:\ARMSPACE\DISCO-F469NI_LCD_demo\mbed\TARGET_DISCO_F469NI\TOOLCHAIN_GCC_ARM\libmbed.a(gpio_api.o)
                0x080043b8                gpio_dir
 .text.Set_GPIO_Clock
                0x080043f8      0x164 C:\ARMSPACE\DISCO-F469NI_LCD_demo\mbed\TARGET_DISCO_F469NI\TOOLCHAIN_GCC_ARM\libmbed.a(pinmap.o)
                0x080043f8                Set_GPIO_Clock
 .text.pin_function
                0x0800455c       0x5c C:\ARMSPACE\DISCO-F469NI_LCD_demo\mbed\TARGET_DISCO_F469NI\TOOLCHAIN_GCC_ARM\libmbed.a(pinmap.o)
                0x0800455c                pin_function
 .text.pin_mode
                0x080045b8       0x48 C:\ARMSPACE\DISCO-F469NI_LCD_demo\mbed\TARGET_DISCO_F469NI\TOOLCHAIN_GCC_ARM\libmbed.a(pinmap.o)
                0x080045b8                pin_mode
 .text.us_ticker_init
                0x08004600       0x28 C:\ARMSPACE\DISCO-F469NI_LCD_demo\mbed\TARGET_DISCO_F469NI\TOOLCHAIN_GCC_ARM\libmbed.a(us_ticker.o)
                0x08004600                us_ticker_init
 .text.us_ticker_read
                0x08004628       0x30 C:\ARMSPACE\DISCO-F469NI_LCD_demo\mbed\TARGET_DISCO_F469NI\TOOLCHAIN_GCC_ARM\libmbed.a(us_ticker.o)
                0x08004628                us_ticker_read
 .text.us_ticker_set_interrupt
                0x08004658       0x14 C:\ARMSPACE\DISCO-F469NI_LCD_demo\mbed\TARGET_DISCO_F469NI\TOOLCHAIN_GCC_ARM\libmbed.a(us_ticker.o)
                0x08004658                us_ticker_set_interrupt
 .text.us_ticker_disable_interrupt
                0x0800466c       0x14 C:\ARMSPACE\DISCO-F469NI_LCD_demo\mbed\TARGET_DISCO_F469NI\TOOLCHAIN_GCC_ARM\libmbed.a(us_ticker.o)
                0x0800466c                us_ticker_disable_interrupt
 .text.us_ticker_clear_interrupt
                0x08004680       0x10 C:\ARMSPACE\DISCO-F469NI_LCD_demo\mbed\TARGET_DISCO_F469NI\TOOLCHAIN_GCC_ARM\libmbed.a(us_ticker.o)
                0x08004680                us_ticker_clear_interrupt
 .text.ticker_irq_handler
                0x08004690       0x4c C:\ARMSPACE\DISCO-F469NI_LCD_demo\mbed\TARGET_DISCO_F469NI\TOOLCHAIN_GCC_ARM\libmbed.a(ticker_api.o)
                0x08004690                ticker_irq_handler
 .text.__aeabi_atexit
                0x080046dc        0xa c:/ac6/systemworkbench/plugins/fr.ac6.mcu.externaltools.arm-none.win32_1.7.0.201602121829/tools/compiler/bin/../lib/gcc/arm-none-eabi/5.2.1/../../../../arm-none-eabi/lib/armv7e-m\libstdc++_nano.a(atexit_arm.o)
                0x080046dc                __aeabi_atexit
 *fill*         0x080046e6        0x2 
 .text.__cxa_atexit
                0x080046e8       0x1c c:/ac6/systemworkbench/plugins/fr.ac6.mcu.externaltools.arm-none.win32_1.7.0.201602121829/tools/compiler/bin/../lib/gcc/arm-none-eabi/5.2.1/../../../../arm-none-eabi/lib/armv7e-m\libc_nano.a(lib_a-cxa_atexit.o)
                0x080046e8                __cxa_atexit
 .text.__errno  0x08004704        0xc c:/ac6/systemworkbench/plugins/fr.ac6.mcu.externaltools.arm-none.win32_1.7.0.201602121829/tools/compiler/bin/../lib/gcc/arm-none-eabi/5.2.1/../../../../arm-none-eabi/lib/armv7e-m\libc_nano.a(lib_a-errno.o)
                0x08004704                __errno
 .text.exit     0x08004710       0x28 c:/ac6/systemworkbench/plugins/fr.ac6.mcu.externaltools.arm-none.win32_1.7.0.201602121829/tools/compiler/bin/../lib/gcc/arm-none-eabi/5.2.1/../../../../arm-none-eabi/lib/armv7e-m\libc_nano.a(lib_a-exit.o)
                0x08004710                exit
 .text.__sflush_r
                0x08004738      0x110 c:/ac6/systemworkbench/plugins/fr.ac6.mcu.externaltools.arm-none.win32_1.7.0.201602121829/tools/compiler/bin/../lib/gcc/arm-none-eabi/5.2.1/../../../../arm-none-eabi/lib/armv7e-m\libc_nano.a(lib_a-fflush.o)
                0x08004738                __sflush_r
 .text._fflush_r
                0x08004848       0x54 c:/ac6/systemworkbench/plugins/fr.ac6.mcu.externaltools.arm-none.win32_1.7.0.201602121829/tools/compiler/bin/../lib/gcc/arm-none-eabi/5.2.1/../../../../arm-none-eabi/lib/armv7e-m\libc_nano.a(lib_a-fflush.o)
                0x08004848                _fflush_r
 .text.fflush   0x0800489c       0x24 c:/ac6/systemworkbench/plugins/fr.ac6.mcu.externaltools.arm-none.win32_1.7.0.201602121829/tools/compiler/bin/../lib/gcc/arm-none-eabi/5.2.1/../../../../arm-none-eabi/lib/armv7e-m\libc_nano.a(lib_a-fflush.o)
                0x0800489c                fflush
 .text._cleanup_r
                0x080048c0        0xc c:/ac6/systemworkbench/plugins/fr.ac6.mcu.externaltools.arm-none.win32_1.7.0.201602121829/tools/compiler/bin/../lib/gcc/arm-none-eabi/5.2.1/../../../../arm-none-eabi/lib/armv7e-m\libc_nano.a(lib_a-findfp.o)
                0x080048c0                _cleanup_r
 .text.std.isra.0
                0x080048cc       0x48 c:/ac6/systemworkbench/plugins/fr.ac6.mcu.externaltools.arm-none.win32_1.7.0.201602121829/tools/compiler/bin/../lib/gcc/arm-none-eabi/5.2.1/../../../../arm-none-eabi/lib/armv7e-m\libc_nano.a(lib_a-findfp.o)
 .text.__sfmoreglue
                0x08004914       0x2c c:/ac6/systemworkbench/plugins/fr.ac6.mcu.externaltools.arm-none.win32_1.7.0.201602121829/tools/compiler/bin/../lib/gcc/arm-none-eabi/5.2.1/../../../../arm-none-eabi/lib/armv7e-m\libc_nano.a(lib_a-findfp.o)
                0x08004914                __sfmoreglue
 .text.__sinit  0x08004940       0x60 c:/ac6/systemworkbench/plugins/fr.ac6.mcu.externaltools.arm-none.win32_1.7.0.201602121829/tools/compiler/bin/../lib/gcc/arm-none-eabi/5.2.1/../../../../arm-none-eabi/lib/armv7e-m\libc_nano.a(lib_a-findfp.o)
                0x08004940                __sinit
 .text.__sfp    0x080049a0       0x78 c:/ac6/systemworkbench/plugins/fr.ac6.mcu.externaltools.arm-none.win32_1.7.0.201602121829/tools/compiler/bin/../lib/gcc/arm-none-eabi/5.2.1/../../../../arm-none-eabi/lib/armv7e-m\libc_nano.a(lib_a-findfp.o)
                0x080049a0                __sfp
 .text._fwalk_reent
                0x08004a18       0x3c c:/ac6/systemworkbench/plugins/fr.ac6.mcu.externaltools.arm-none.win32_1.7.0.201602121829/tools/compiler/bin/../lib/gcc/arm-none-eabi/5.2.1/../../../../arm-none-eabi/lib/armv7e-m\libc_nano.a(lib_a-fwalk.o)
                0x08004a18                _fwalk_reent
 .text.__libc_init_array
                0x08004a54       0x4c c:/ac6/systemworkbench/plugins/fr.ac6.mcu.externaltools.arm-none.win32_1.7.0.201602121829/tools/compiler/bin/../lib/gcc/arm-none-eabi/5.2.1/../../../../arm-none-eabi/lib/armv7e-m\libc_nano.a(lib_a-init.o)
                0x08004a54                __libc_init_array
 .text.malloc   0x08004aa0       0x10 c:/ac6/systemworkbench/plugins/fr.ac6.mcu.externaltools.arm-none.win32_1.7.0.201602121829/tools/compiler/bin/../lib/gcc/arm-none-eabi/5.2.1/../../../../arm-none-eabi/lib/armv7e-m\libc_nano.a(lib_a-malloc.o)
                0x08004aa0                malloc
 .text          0x08004ab0       0xa0 c:/ac6/systemworkbench/plugins/fr.ac6.mcu.externaltools.arm-none.win32_1.7.0.201602121829/tools/compiler/bin/../lib/gcc/arm-none-eabi/5.2.1/../../../../arm-none-eabi/lib/armv7e-m\libc_nano.a(lib_a-memchr.o)
                0x08004ab0                memchr
 .text.memcpy   0x08004b50       0x16 c:/ac6/systemworkbench/plugins/fr.ac6.mcu.externaltools.arm-none.win32_1.7.0.201602121829/tools/compiler/bin/../lib/gcc/arm-none-eabi/5.2.1/../../../../arm-none-eabi/lib/armv7e-m\libc_nano.a(lib_a-memcpy-stub.o)
                0x08004b50                memcpy
 .text.memset   0x08004b66       0x10 c:/ac6/systemworkbench/plugins/fr.ac6.mcu.externaltools.arm-none.win32_1.7.0.201602121829/tools/compiler/bin/../lib/gcc/arm-none-eabi/5.2.1/../../../../arm-none-eabi/lib/armv7e-m\libc_nano.a(lib_a-memset.o)
                0x08004b66                memset
 *fill*         0x08004b76        0x2 
 .text._free_r  0x08004b78       0x8c c:/ac6/systemworkbench/plugins/fr.ac6.mcu.externaltools.arm-none.win32_1.7.0.201602121829/tools/compiler/bin/../lib/gcc/arm-none-eabi/5.2.1/../../../../arm-none-eabi/lib/armv7e-m\libc_nano.a(lib_a-nano-freer.o)
                0x08004b78                _free_r
 .text._malloc_r
                0x08004c04       0xa8 c:/ac6/systemworkbench/plugins/fr.ac6.mcu.externaltools.arm-none.win32_1.7.0.201602121829/tools/compiler/bin/../lib/gcc/arm-none-eabi/5.2.1/../../../../arm-none-eabi/lib/armv7e-m\libc_nano.a(lib_a-nano-mallocr.o)
                0x08004c04                _malloc_r
 .text.__sfputc_r
                0x08004cac       0x2c c:/ac6/systemworkbench/plugins/fr.ac6.mcu.externaltools.arm-none.win32_1.7.0.201602121829/tools/compiler/bin/../lib/gcc/arm-none-eabi/5.2.1/../../../../arm-none-eabi/lib/armv7e-m\libc_nano.a(lib_a-nano-vfprintf.o)
 .text.__sfputs_r
                0x08004cd8       0x24 c:/ac6/systemworkbench/plugins/fr.ac6.mcu.externaltools.arm-none.win32_1.7.0.201602121829/tools/compiler/bin/../lib/gcc/arm-none-eabi/5.2.1/../../../../arm-none-eabi/lib/armv7e-m\libc_nano.a(lib_a-nano-vfprintf.o)
                0x08004cd8                __sfputs_r
 .text._vfprintf_r
                0x08004cfc      0x238 c:/ac6/systemworkbench/plugins/fr.ac6.mcu.externaltools.arm-none.win32_1.7.0.201602121829/tools/compiler/bin/../lib/gcc/arm-none-eabi/5.2.1/../../../../arm-none-eabi/lib/armv7e-m\libc_nano.a(lib_a-nano-vfprintf.o)
                0x08004cfc                _vfprintf_r
                0x08004cfc                _vfiprintf_r
 .text.vfprintf
                0x08004f34       0x14 c:/ac6/systemworkbench/plugins/fr.ac6.mcu.externaltools.arm-none.win32_1.7.0.201602121829/tools/compiler/bin/../lib/gcc/arm-none-eabi/5.2.1/../../../../arm-none-eabi/lib/armv7e-m\libc_nano.a(lib_a-nano-vfprintf.o)
                0x08004f34                vfprintf
                0x08004f34                vfiprintf
 .text._printf_common
                0x08004f48       0xec c:/ac6/systemworkbench/plugins/fr.ac6.mcu.externaltools.arm-none.win32_1.7.0.201602121829/tools/compiler/bin/../lib/gcc/arm-none-eabi/5.2.1/../../../../arm-none-eabi/lib/armv7e-m\libc_nano.a(lib_a-nano-vfprintf_i.o)
                0x08004f48                _printf_common
 .text._printf_i
                0x08005034      0x24c c:/ac6/systemworkbench/plugins/fr.ac6.mcu.externaltools.arm-none.win32_1.7.0.201602121829/tools/compiler/bin/../lib/gcc/arm-none-eabi/5.2.1/../../../../arm-none-eabi/lib/armv7e-m\libc_nano.a(lib_a-nano-vfprintf_i.o)
                0x08005034                _printf_i
 .text.rand     0x08005280       0x74 c:/ac6/systemworkbench/plugins/fr.ac6.mcu.externaltools.arm-none.win32_1.7.0.201602121829/tools/compiler/bin/../lib/gcc/arm-none-eabi/5.2.1/../../../../arm-none-eabi/lib/armv7e-m\libc_nano.a(lib_a-rand.o)
                0x08005280                rand
 .text._sbrk_r  0x080052f4       0x20 c:/ac6/systemworkbench/plugins/fr.ac6.mcu.externaltools.arm-none.win32_1.7.0.201602121829/tools/compiler/bin/../lib/gcc/arm-none-eabi/5.2.1/../../../../arm-none-eabi/lib/armv7e-m\libc_nano.a(lib_a-sbrkr.o)
                0x080052f4                _sbrk_r
 .text.__sread  0x08005314       0x22 c:/ac6/systemworkbench/plugins/fr.ac6.mcu.externaltools.arm-none.win32_1.7.0.201602121829/tools/compiler/bin/../lib/gcc/arm-none-eabi/5.2.1/../../../../arm-none-eabi/lib/armv7e-m\libc_nano.a(lib_a-stdio.o)
                0x08005314                __sread
 .text.__swrite
                0x08005336       0x38 c:/ac6/systemworkbench/plugins/fr.ac6.mcu.externaltools.arm-none.win32_1.7.0.201602121829/tools/compiler/bin/../lib/gcc/arm-none-eabi/5.2.1/../../../../arm-none-eabi/lib/armv7e-m\libc_nano.a(lib_a-stdio.o)
                0x08005336                __swrite
 .text.__sseek  0x0800536e       0x24 c:/ac6/systemworkbench/plugins/fr.ac6.mcu.externaltools.arm-none.win32_1.7.0.201602121829/tools/compiler/bin/../lib/gcc/arm-none-eabi/5.2.1/../../../../arm-none-eabi/lib/armv7e-m\libc_nano.a(lib_a-stdio.o)
                0x0800536e                __sseek
 .text.__sclose
                0x08005392        0x8 c:/ac6/systemworkbench/plugins/fr.ac6.mcu.externaltools.arm-none.win32_1.7.0.201602121829/tools/compiler/bin/../lib/gcc/arm-none-eabi/5.2.1/../../../../arm-none-eabi/lib/armv7e-m\libc_nano.a(lib_a-stdio.o)
                0x08005392                __sclose
 .text          0x0800539a       0x10 c:/ac6/systemworkbench/plugins/fr.ac6.mcu.externaltools.arm-none.win32_1.7.0.201602121829/tools/compiler/bin/../lib/gcc/arm-none-eabi/5.2.1/../../../../arm-none-eabi/lib/armv7e-m\libc_nano.a(lib_a-strlen.o)
                0x0800539a                strlen
 *fill*         0x080053aa        0x2 
 .text.__swbuf_r
                0x080053ac       0xa8 c:/ac6/systemworkbench/plugins/fr.ac6.mcu.externaltools.arm-none.win32_1.7.0.201602121829/tools/compiler/bin/../lib/gcc/arm-none-eabi/5.2.1/../../../../arm-none-eabi/lib/armv7e-m\libc_nano.a(lib_a-wbuf.o)
                0x080053ac                __swbuf_r
 .text._write_r
                0x08005454       0x24 c:/ac6/systemworkbench/plugins/fr.ac6.mcu.externaltools.arm-none.win32_1.7.0.201602121829/tools/compiler/bin/../lib/gcc/arm-none-eabi/5.2.1/../../../../arm-none-eabi/lib/armv7e-m\libc_nano.a(lib_a-writer.o)
                0x08005454                _write_r
 .text.__swsetup_r
                0x08005478       0xd8 c:/ac6/systemworkbench/plugins/fr.ac6.mcu.externaltools.arm-none.win32_1.7.0.201602121829/tools/compiler/bin/../lib/gcc/arm-none-eabi/5.2.1/../../../../arm-none-eabi/lib/armv7e-m\libc_nano.a(lib_a-wsetup.o)
                0x08005478                __swsetup_r
 .text._close_r
                0x08005550       0x20 c:/ac6/systemworkbench/plugins/fr.ac6.mcu.externaltools.arm-none.win32_1.7.0.201602121829/tools/compiler/bin/../lib/gcc/arm-none-eabi/5.2.1/../../../../arm-none-eabi/lib/armv7e-m\libc_nano.a(lib_a-closer.o)
                0x08005550                _close_r
 .text._lseek_r
                0x08005570       0x24 c:/ac6/systemworkbench/plugins/fr.ac6.mcu.externaltools.arm-none.win32_1.7.0.201602121829/tools/compiler/bin/../lib/gcc/arm-none-eabi/5.2.1/../../../../arm-none-eabi/lib/armv7e-m\libc_nano.a(lib_a-lseekr.o)
                0x08005570                _lseek_r
 .text.__smakebuf_r
                0x08005594       0x9c c:/ac6/systemworkbench/plugins/fr.ac6.mcu.externaltools.arm-none.win32_1.7.0.201602121829/tools/compiler/bin/../lib/gcc/arm-none-eabi/5.2.1/../../../../arm-none-eabi/lib/armv7e-m\libc_nano.a(lib_a-makebuf.o)
                0x08005594                __smakebuf_r
 .text._read_r  0x08005630       0x24 c:/ac6/systemworkbench/plugins/fr.ac6.mcu.externaltools.arm-none.win32_1.7.0.201602121829/tools/compiler/bin/../lib/gcc/arm-none-eabi/5.2.1/../../../../arm-none-eabi/lib/armv7e-m\libc_nano.a(lib_a-readr.o)
                0x08005630                _read_r
 .text._fstat_r
                0x08005654       0x24 c:/ac6/systemworkbench/plugins/fr.ac6.mcu.externaltools.arm-none.win32_1.7.0.201602121829/tools/compiler/bin/../lib/gcc/arm-none-eabi/5.2.1/../../../../arm-none-eabi/lib/armv7e-m\libc_nano.a(lib_a-fstatr.o)
                0x08005654                _fstat_r
 .text._isatty_r
                0x08005678       0x20 c:/ac6/systemworkbench/plugins/fr.ac6.mcu.externaltools.arm-none.win32_1.7.0.201602121829/tools/compiler/bin/../lib/gcc/arm-none-eabi/5.2.1/../../../../arm-none-eabi/lib/armv7e-m\libc_nano.a(lib_a-isattyr.o)
                0x08005678                _isatty_r
 *(.init)
 .init          0x08005698        0x4 c:/ac6/systemworkbench/plugins/fr.ac6.mcu.externaltools.arm-none.win32_1.7.0.201602121829/tools/compiler/bin/../lib/gcc/arm-none-eabi/5.2.1/armv7e-m/crti.o
                0x08005698                _init
 .init          0x0800569c        0x8 c:/ac6/systemworkbench/plugins/fr.ac6.mcu.externaltools.arm-none.win32_1.7.0.201602121829/tools/compiler/bin/../lib/gcc/arm-none-eabi/5.2.1/armv7e-m/crtn.o
 *(.fini)
 .fini          0x080056a4        0x4 c:/ac6/systemworkbench/plugins/fr.ac6.mcu.externaltools.arm-none.win32_1.7.0.201602121829/tools/compiler/bin/../lib/gcc/arm-none-eabi/5.2.1/armv7e-m/crti.o
                0x080056a4                _fini
 .fini          0x080056a8        0x8 c:/ac6/systemworkbench/plugins/fr.ac6.mcu.externaltools.arm-none.win32_1.7.0.201602121829/tools/compiler/bin/../lib/gcc/arm-none-eabi/5.2.1/armv7e-m/crtn.o
 *crtbegin.o(.ctors)
 *crtbegin?.o(.ctors)
 *(EXCLUDE_FILE(*crtend.o *crtend?.o) .ctors)
 *(SORT(.ctors.*))
 *(.ctors)
 *crtbegin.o(.dtors)
 *crtbegin?.o(.dtors)
 *(EXCLUDE_FILE(*crtend.o *crtend?.o) .dtors)
 *(SORT(.dtors.*))
 *(.dtors)
 *(.rodata*)
 .rodata        0x080056b0      0x20a BSP_DISCO_F469NI/Components/otm8009a/otm8009a.o
                0x080056b0                ShortRegData1
                0x080056b4                lcdRegData1
                0x080056b8                ShortRegData2
                0x080056bc                lcdRegData2
                0x080056c0                ShortRegData3
                0x080056c4                ShortRegData4
                0x080056c8                ShortRegData5
                0x080056cc                ShortRegData6
                0x080056d0                ShortRegData7
                0x080056d4                ShortRegData8
                0x080056d8                ShortRegData9
                0x080056dc                ShortRegData10
                0x080056e0                ShortRegData11
                0x080056e4                ShortRegData12
                0x080056e8                ShortRegData13
                0x080056ec                ShortRegData14
                0x080056f0                ShortRegData15
                0x080056f4                ShortRegData16
                0x080056f8                ShortRegData17
                0x080056fc                ShortRegData18
                0x08005700                ShortRegData19
                0x08005704                lcdRegData5
                0x08005708                ShortRegData20
                0x0800570c                ShortRegData21
                0x08005710                ShortRegData22
                0x08005714                ShortRegData23
                0x08005718                ShortRegData24
                0x0800571c                ShortRegData25
                0x08005720                ShortRegData26
                0x08005724                ShortRegData27
                0x08005728                ShortRegData28
                0x0800572c                lcdRegData6
                0x08005730                lcdRegData7
                0x08005738                ShortRegData29
                0x0800573c                lcdRegData8
                0x0800574c                ShortRegData30
                0x08005750                lcdRegData9
                0x08005760                ShortRegData31
                0x08005764                lcdRegData10
                0x08005770                ShortRegData32
                0x08005774                ShortRegData46
                0x08005778                lcdRegData11
                0x08005784                ShortRegData33
                0x08005788                lcdRegData12
                0x08005798                lcdRegData13
                0x080057a8                lcdRegData14
                0x080057b4                lcdRegData15
                0x080057c4                lcdRegData16
                0x080057d4                ShortRegData34
                0x080057d8                lcdRegData17
                0x080057e4                ShortRegData35
                0x080057e8                lcdRegData18
                0x080057f4                lcdRegData19
                0x08005800                lcdRegData20
                0x08005810                lcdRegData21
                0x08005820                lcdRegData22
                0x0800582c                lcdRegData23
                0x0800583c                lcdRegData24
                0x0800584c                ShortRegData47
                0x08005850                ShortRegData48
                0x08005854                ShortRegData49
                0x08005858                lcdRegData25
                0x0800585c                lcdRegData3
                0x08005870                lcdRegData4
                0x08005884                ShortRegData36
                0x08005888                ShortRegData37
                0x0800588c                ShortRegData38
                0x08005890                ShortRegData39
                0x08005894                lcdRegData27
                0x0800589c                lcdRegData28
                0x080058a4                ShortRegData40
                0x080058a8                ShortRegData41
                0x080058ac                ShortRegData42
                0x080058b0                ShortRegData43
                0x080058b4                ShortRegData44
                0x080058b8                ShortRegData45
 *fill*         0x080058ba        0x2 
 .rodata        0x080058bc      0xed8 BSP_DISCO_F469NI/Fonts/font20.o
                0x080058bc                Font20_Table
 .rodata        0x08006794     0x1ab8 BSP_DISCO_F469NI/Fonts/font24.o
                0x08006794                Font24_Table
 .rodata.str1.4
                0x0800824c        0x5 gui/gui.o
 *fill*         0x08008251        0x3 
 .rodata.str1.4
                0x08008254       0x94 main.o
 .rodata.str1.4
                0x080082e8       0x6d C:/ARMSPACE/DISCO-F469NI_LCD_demo/mbed/TARGET_DISCO_F469NI/TOOLCHAIN_GCC_ARM/board.o
                                 0x85 (size before relaxing)
 *fill*         0x08008355        0x3 
 .rodata.flagBitshiftOffset.10860
                0x08008358        0x8 C:/ARMSPACE/DISCO-F469NI_LCD_demo/mbed/TARGET_DISCO_F469NI/TOOLCHAIN_GCC_ARM/stm32f4xx_hal_dma.o
 .rodata.APBAHBPrescTable
                0x08008360       0x10 C:/ARMSPACE/DISCO-F469NI_LCD_demo/mbed/TARGET_DISCO_F469NI/TOOLCHAIN_GCC_ARM/stm32f4xx_hal_rcc.o
                0x08008360                APBAHBPrescTable
 .rodata.AHBPrescTable
                0x08008370       0x10 C:/ARMSPACE/DISCO-F469NI_LCD_demo/mbed/TARGET_DISCO_F469NI/TOOLCHAIN_GCC_ARM/system_stm32f4xx.o
                0x08008370                AHBPrescTable
 .rodata.str1.4
                0x08008380       0xb7 C:\ARMSPACE\DISCO-F469NI_LCD_demo\mbed\TARGET_DISCO_F469NI\TOOLCHAIN_GCC_ARM\libmbed.a(analogin_api.o)
 *fill*         0x08008437        0x1 
 .rodata.PinMap_UART_RX
                0x08008438       0xb4 C:\ARMSPACE\DISCO-F469NI_LCD_demo\mbed\TARGET_DISCO_F469NI\TOOLCHAIN_GCC_ARM\libmbed.a(PeripheralPins.o)
                0x08008438                PinMap_UART_RX
 .rodata.PinMap_UART_TX
                0x080084ec       0xb4 C:\ARMSPACE\DISCO-F469NI_LCD_demo\mbed\TARGET_DISCO_F469NI\TOOLCHAIN_GCC_ARM\libmbed.a(PeripheralPins.o)
                0x080084ec                PinMap_UART_TX
 .rodata.PinMap_ADC
                0x080085a0      0x12c C:\ARMSPACE\DISCO-F469NI_LCD_demo\mbed\TARGET_DISCO_F469NI\TOOLCHAIN_GCC_ARM\libmbed.a(PeripheralPins.o)
                0x080085a0                PinMap_ADC
 .rodata.str1.4
                0x080086cc       0x9c C:\ARMSPACE\DISCO-F469NI_LCD_demo\mbed\TARGET_DISCO_F469NI\TOOLCHAIN_GCC_ARM\libmbed.a(serial_api.o)
 .rodata.str1.4
                0x08008768       0x31 C:\ARMSPACE\DISCO-F469NI_LCD_demo\mbed\TARGET_DISCO_F469NI\TOOLCHAIN_GCC_ARM\libmbed.a(assert.o)
 .rodata.str1.4
                0x08008799       0x85 C:\ARMSPACE\DISCO-F469NI_LCD_demo\mbed\TARGET_DISCO_F469NI\TOOLCHAIN_GCC_ARM\libmbed.a(gpio.o)
 *fill*         0x08008799        0x3 
 .rodata.str1.4
                0x0800879c       0x66 C:\ARMSPACE\DISCO-F469NI_LCD_demo\mbed\TARGET_DISCO_F469NI\TOOLCHAIN_GCC_ARM\libmbed.a(pinmap_common.o)
 *fill*         0x08008802        0x2 
 .rodata.us_interface
                0x08008804       0x14 C:\ARMSPACE\DISCO-F469NI_LCD_demo\mbed\TARGET_DISCO_F469NI\TOOLCHAIN_GCC_ARM\libmbed.a(us_ticker_api.o)
 .rodata.us_data
                0x08008818        0x8 C:\ARMSPACE\DISCO-F469NI_LCD_demo\mbed\TARGET_DISCO_F469NI\TOOLCHAIN_GCC_ARM\libmbed.a(us_ticker_api.o)
 .rodata.str1.4
                0x08008820       0x7a C:\ARMSPACE\DISCO-F469NI_LCD_demo\mbed\TARGET_DISCO_F469NI\TOOLCHAIN_GCC_ARM\libmbed.a(gpio_api.o)
                                 0x94 (size before relaxing)
 *fill*         0x0800889a        0x2 
 .rodata.gpio_mode
                0x0800889c       0x34 C:\ARMSPACE\DISCO-F469NI_LCD_demo\mbed\TARGET_DISCO_F469NI\TOOLCHAIN_GCC_ARM\libmbed.a(pinmap.o)
 .rodata.str1.4
                0x080088d0       0x88 C:\ARMSPACE\DISCO-F469NI_LCD_demo\mbed\TARGET_DISCO_F469NI\TOOLCHAIN_GCC_ARM\libmbed.a(pinmap.o)
                                 0x9c (size before relaxing)
 .rodata.__sf_fake_stdin
                0x08008958       0x20 c:/ac6/systemworkbench/plugins/fr.ac6.mcu.externaltools.arm-none.win32_1.7.0.201602121829/tools/compiler/bin/../lib/gcc/arm-none-eabi/5.2.1/../../../../arm-none-eabi/lib/armv7e-m\libc_nano.a(lib_a-findfp.o)
                0x08008958                __sf_fake_stdin
 .rodata.__sf_fake_stdout
                0x08008978       0x20 c:/ac6/systemworkbench/plugins/fr.ac6.mcu.externaltools.arm-none.win32_1.7.0.201602121829/tools/compiler/bin/../lib/gcc/arm-none-eabi/5.2.1/../../../../arm-none-eabi/lib/armv7e-m\libc_nano.a(lib_a-findfp.o)
                0x08008978                __sf_fake_stdout
 .rodata.__sf_fake_stderr
                0x08008998       0x20 c:/ac6/systemworkbench/plugins/fr.ac6.mcu.externaltools.arm-none.win32_1.7.0.201602121829/tools/compiler/bin/../lib/gcc/arm-none-eabi/5.2.1/../../../../arm-none-eabi/lib/armv7e-m\libc_nano.a(lib_a-findfp.o)
                0x08008998                __sf_fake_stderr
 .rodata.str1.1
                0x080089b8        0x2 c:/ac6/systemworkbench/plugins/fr.ac6.mcu.externaltools.arm-none.win32_1.7.0.201602121829/tools/compiler/bin/../lib/gcc/arm-none-eabi/5.2.1/../../../../arm-none-eabi/lib/armv7e-m\libc_nano.a(lib_a-impure.o)
 *fill*         0x080089ba        0x2 
 .rodata._global_impure_ptr
                0x080089bc        0x4 c:/ac6/systemworkbench/plugins/fr.ac6.mcu.externaltools.arm-none.win32_1.7.0.201602121829/tools/compiler/bin/../lib/gcc/arm-none-eabi/5.2.1/../../../../arm-none-eabi/lib/armv7e-m\libc_nano.a(lib_a-impure.o)
                0x080089bc                _global_impure_ptr
 .rodata.str1.1
                0x080089c0       0x11 c:/ac6/systemworkbench/plugins/fr.ac6.mcu.externaltools.arm-none.win32_1.7.0.201602121829/tools/compiler/bin/../lib/gcc/arm-none-eabi/5.2.1/../../../../arm-none-eabi/lib/armv7e-m\libc_nano.a(lib_a-nano-vfprintf.o)
 .rodata.str1.1
                0x080089d1       0x22 c:/ac6/systemworkbench/plugins/fr.ac6.mcu.externaltools.arm-none.win32_1.7.0.201602121829/tools/compiler/bin/../lib/gcc/arm-none-eabi/5.2.1/../../../../arm-none-eabi/lib/armv7e-m\libc_nano.a(lib_a-nano-vfprintf_i.o)
 *(.eh_frame*)
 *fill*         0x080089f3        0x1 
 .eh_frame      0x080089f4        0x0 c:/ac6/systemworkbench/plugins/fr.ac6.mcu.externaltools.arm-none.win32_1.7.0.201602121829/tools/compiler/bin/../lib/gcc/arm-none-eabi/5.2.1/armv7e-m/crtbegin.o
 .eh_frame      0x080089f4        0x4 c:/ac6/systemworkbench/plugins/fr.ac6.mcu.externaltools.arm-none.win32_1.7.0.201602121829/tools/compiler/bin/../lib/gcc/arm-none-eabi/5.2.1/armv7e-m/crtend.o

.glue_7         0x080089f8        0x0
 .glue_7        0x080089f8        0x0 linker stubs

.glue_7t        0x080089f8        0x0
 .glue_7t       0x080089f8        0x0 linker stubs

.vfp11_veneer   0x080089f8        0x0
 .vfp11_veneer  0x080089f8        0x0 linker stubs

.v4_bx          0x080089f8        0x0
 .v4_bx         0x080089f8        0x0 linker stubs

.iplt           0x080089f8        0x0
 .iplt          0x080089f8        0x0 c:/ac6/systemworkbench/plugins/fr.ac6.mcu.externaltools.arm-none.win32_1.7.0.201602121829/tools/compiler/bin/../lib/gcc/arm-none-eabi/5.2.1/armv7e-m/crtbegin.o

.ARM.extab
 *(.ARM.extab* .gnu.linkonce.armextab.*)
                0x080089f8                __exidx_start = .

.ARM.exidx      0x080089f8        0x8
 *(.ARM.exidx* .gnu.linkonce.armexidx.*)
 .ARM.exidx     0x080089f8        0x8 c:/ac6/systemworkbench/plugins/fr.ac6.mcu.externaltools.arm-none.win32_1.7.0.201602121829/tools/compiler/bin/../lib/gcc/arm-none-eabi/5.2.1/../../../../arm-none-eabi/lib/armv7e-m/crt0.o
                0x08008a00                __exidx_end = .
                0x08008a00                __etext = .
                0x08008a00                _sidata = .

.rel.dyn        0x08008a00        0x0
 .rel.iplt      0x08008a00        0x0 c:/ac6/systemworkbench/plugins/fr.ac6.mcu.externaltools.arm-none.win32_1.7.0.201602121829/tools/compiler/bin/../lib/gcc/arm-none-eabi/5.2.1/armv7e-m/crtbegin.o

.data           0x200001b4       0xa0 load address 0x08008a00
                0x200001b4                __data_start__ = .
                0x200001b4                _sdata = .
 *(vtable)
 *(.data*)
 .data          0x200001b4        0x4 c:/ac6/systemworkbench/plugins/fr.ac6.mcu.externaltools.arm-none.win32_1.7.0.201602121829/tools/compiler/bin/../lib/gcc/arm-none-eabi/5.2.1/armv7e-m/crtbegin.o
                0x200001b4                __dso_handle
 .data          0x200001b8        0x8 BSP_DISCO_F469NI/Fonts/font20.o
                0x200001b8                Font20
 .data          0x200001c0        0x8 BSP_DISCO_F469NI/Fonts/font24.o
                0x200001c0                Font24
 .data          0x200001c8        0x8 BSP_DISCO_F469NI/stm32469i_discovery/stm32469i_discovery_lcd.o
                0x200001c8                lcd_x_size
                0x200001cc                lcd_y_size
 .data          0x200001d0        0x2 BSP_DISCO_F469NI/stm32469i_discovery/stm32469i_discovery_sdram.o
 *fill*         0x200001d2        0x2 
 .data._ZZ5_sbrkE4heap
                0x200001d4        0x4 C:/ARMSPACE/DISCO-F469NI_LCD_demo/mbed/TARGET_DISCO_F469NI/TOOLCHAIN_GCC_ARM/retarget.o
 .data.SystemCoreClock
                0x200001d8        0x4 C:/ARMSPACE/DISCO-F469NI_LCD_demo/mbed/TARGET_DISCO_F469NI/TOOLCHAIN_GCC_ARM/system_stm32f4xx.o
                0x200001d8                SystemCoreClock
 .data.impure_data
                0x200001dc       0x60 c:/ac6/systemworkbench/plugins/fr.ac6.mcu.externaltools.arm-none.win32_1.7.0.201602121829/tools/compiler/bin/../lib/gcc/arm-none-eabi/5.2.1/../../../../arm-none-eabi/lib/armv7e-m\libc_nano.a(lib_a-impure.o)
 .data._impure_ptr
                0x2000023c        0x4 c:/ac6/systemworkbench/plugins/fr.ac6.mcu.externaltools.arm-none.win32_1.7.0.201602121829/tools/compiler/bin/../lib/gcc/arm-none-eabi/5.2.1/../../../../arm-none-eabi/lib/armv7e-m\libc_nano.a(lib_a-impure.o)
                0x2000023c                _impure_ptr
                0x20000240                . = ALIGN (0x4)
                0x20000240                PROVIDE (__preinit_array_start, .)
 *(.preinit_array)
                0x20000240                PROVIDE (__preinit_array_end, .)
                0x20000240                . = ALIGN (0x4)
                0x20000240                PROVIDE (__init_array_start, .)
 *(SORT(.init_array.*))
 *(.init_array)
 .init_array    0x20000240        0x4 c:/ac6/systemworkbench/plugins/fr.ac6.mcu.externaltools.arm-none.win32_1.7.0.201602121829/tools/compiler/bin/../lib/gcc/arm-none-eabi/5.2.1/armv7e-m/crtbegin.o
 .init_array    0x20000244        0x4 gui/gui.o
 .init_array    0x20000248        0x4 main.o
                0x2000024c                PROVIDE (__init_array_end, .)
                0x2000024c                . = ALIGN (0x4)
                [!provide]                PROVIDE (__fini_array_start, .)
 *(SORT(.fini_array.*))
 *(.fini_array)
 .fini_array    0x2000024c        0x4 c:/ac6/systemworkbench/plugins/fr.ac6.mcu.externaltools.arm-none.win32_1.7.0.201602121829/tools/compiler/bin/../lib/gcc/arm-none-eabi/5.2.1/armv7e-m/crtbegin.o
                [!provide]                PROVIDE (__fini_array_end, .)
 *(.jcr*)
 .jcr           0x20000250        0x0 c:/ac6/systemworkbench/plugins/fr.ac6.mcu.externaltools.arm-none.win32_1.7.0.201602121829/tools/compiler/bin/../lib/gcc/arm-none-eabi/5.2.1/armv7e-m/crtbegin.o
 .jcr           0x20000250        0x4 c:/ac6/systemworkbench/plugins/fr.ac6.mcu.externaltools.arm-none.win32_1.7.0.201602121829/tools/compiler/bin/../lib/gcc/arm-none-eabi/5.2.1/armv7e-m/crtend.o
                0x20000254                . = ALIGN (0x4)
                0x20000254                __data_end__ = .
                0x20000254                _edata = .

.tm_clone_table
                0x20000254        0x0 load address 0x08008aa0
 .tm_clone_table
                0x20000254        0x0 c:/ac6/systemworkbench/plugins/fr.ac6.mcu.externaltools.arm-none.win32_1.7.0.201602121829/tools/compiler/bin/../lib/gcc/arm-none-eabi/5.2.1/armv7e-m/crtbegin.o
 .tm_clone_table
                0x20000254        0x0 c:/ac6/systemworkbench/plugins/fr.ac6.mcu.externaltools.arm-none.win32_1.7.0.201602121829/tools/compiler/bin/../lib/gcc/arm-none-eabi/5.2.1/armv7e-m/crtend.o

.igot.plt       0x20000254        0x0 load address 0x08008aa0
 .igot.plt      0x20000254        0x0 c:/ac6/systemworkbench/plugins/fr.ac6.mcu.externaltools.arm-none.win32_1.7.0.201602121829/tools/compiler/bin/../lib/gcc/arm-none-eabi/5.2.1/armv7e-m/crtbegin.o

.bss            0x20000254      0x658 load address 0x08008aa0
                0x20000254                . = ALIGN (0x4)
                0x20000254                __bss_start__ = .
                0x20000254                _sbss = .
 *(.bss*)
 .bss           0x20000254       0x1c c:/ac6/systemworkbench/plugins/fr.ac6.mcu.externaltools.arm-none.win32_1.7.0.201602121829/tools/compiler/bin/../lib/gcc/arm-none-eabi/5.2.1/armv7e-m/crtbegin.o
 .bss           0x20000270       0xc4 BSP_DISCO_F469NI/stm32469i_discovery/stm32469i_discovery_lcd.o
 .bss           0x20000334      0x110 BSP_DISCO_F469NI/stm32469i_discovery/stm32469i_discovery_sdram.o
 .bss           0x20000444        0x8 gui/gui.o
                0x20000444                ain0
 .bss           0x2000044c      0x118 main.o
                0x2000044c                led1
                0x2000045c                lcd
                0x20000460                text
                0x20000560                cColor
 .bss.PreviousVal
                0x20000564        0x4 C:/ARMSPACE/DISCO-F469NI_LCD_demo/mbed/TARGET_DISCO_F469NI/TOOLCHAIN_GCC_ARM/hal_tick.o
                0x20000564                PreviousVal
 .bss._ZL11filehandles
                0x20000568      0x100 C:/ARMSPACE/DISCO-F469NI_LCD_demo/mbed/TARGET_DISCO_F469NI/TOOLCHAIN_GCC_ARM/retarget.o
 .bss.uwTick    0x20000668        0x4 C:/ARMSPACE/DISCO-F469NI_LCD_demo/mbed/TARGET_DISCO_F469NI/TOOLCHAIN_GCC_ARM/stm32f4xx_hal.o
 .bss.adc1_inited.11192
                0x2000066c        0x4 C:\ARMSPACE\DISCO-F469NI_LCD_demo\mbed\TARGET_DISCO_F469NI\TOOLCHAIN_GCC_ARM\libmbed.a(analogin_api.o)
 .bss.adc3_inited.11193
                0x20000670        0x4 C:\ARMSPACE\DISCO-F469NI_LCD_demo\mbed\TARGET_DISCO_F469NI\TOOLCHAIN_GCC_ARM\libmbed.a(analogin_api.o)
 .bss.stdio_uart_inited
                0x20000674        0x4 C:\ARMSPACE\DISCO-F469NI_LCD_demo\mbed\TARGET_DISCO_F469NI\TOOLCHAIN_GCC_ARM\libmbed.a(serial_api.o)
                0x20000674                stdio_uart_inited
 .bss.events    0x20000678        0x8 C:\ARMSPACE\DISCO-F469NI_LCD_demo\mbed\TARGET_DISCO_F469NI\TOOLCHAIN_GCC_ARM\libmbed.a(us_ticker_api.o)
 .bss.TimMasterHandle
                0x20000680       0x3c C:\ARMSPACE\DISCO-F469NI_LCD_demo\mbed\TARGET_DISCO_F469NI\TOOLCHAIN_GCC_ARM\libmbed.a(us_ticker.o)
 .bss.us_ticker_inited
                0x200006bc        0x4 C:\ARMSPACE\DISCO-F469NI_LCD_demo\mbed\TARGET_DISCO_F469NI\TOOLCHAIN_GCC_ARM\libmbed.a(us_ticker.o)
 .bss.__malloc_sbrk_start
                0x200006c0        0x4 c:/ac6/systemworkbench/plugins/fr.ac6.mcu.externaltools.arm-none.win32_1.7.0.201602121829/tools/compiler/bin/../lib/gcc/arm-none-eabi/5.2.1/../../../../arm-none-eabi/lib/armv7e-m\libc_nano.a(lib_a-nano-mallocr.o)
                0x200006c0                __malloc_sbrk_start
 .bss.__malloc_free_list
                0x200006c4        0x4 c:/ac6/systemworkbench/plugins/fr.ac6.mcu.externaltools.arm-none.win32_1.7.0.201602121829/tools/compiler/bin/../lib/gcc/arm-none-eabi/5.2.1/../../../../arm-none-eabi/lib/armv7e-m\libc_nano.a(lib_a-nano-mallocr.o)
                0x200006c4                __malloc_free_list
 *(COMMON)
 COMMON         0x200006c8      0x104 BSP_DISCO_F469NI/stm32469i_discovery/stm32469i_discovery_lcd.o
                0x200006c8                hltdc_eval
                0x20000770                hdsi_eval
                0x2000078c                hdma2d_eval
 COMMON         0x200007cc       0x3c C:/ARMSPACE/DISCO-F469NI_LCD_demo/mbed/TARGET_DISCO_F469NI/TOOLCHAIN_GCC_ARM/hal_tick.o
                0x200007cc                TimMasterHandle
 COMMON         0x20000808       0x44 C:\ARMSPACE\DISCO-F469NI_LCD_demo\mbed\TARGET_DISCO_F469NI\TOOLCHAIN_GCC_ARM\libmbed.a(analogin_api.o)
                0x20000808                AdcHandle
 COMMON         0x2000084c       0x5c C:\ARMSPACE\DISCO-F469NI_LCD_demo\mbed\TARGET_DISCO_F469NI\TOOLCHAIN_GCC_ARM\libmbed.a(serial_api.o)
                0x2000084c                UartHandle
                0x2000088c                stdio_uart
 COMMON         0x200008a8        0x4 c:/ac6/systemworkbench/plugins/fr.ac6.mcu.externaltools.arm-none.win32_1.7.0.201602121829/tools/compiler/bin/../lib/gcc/arm-none-eabi/5.2.1/../../../../arm-none-eabi/lib/armv7e-m\libc_nano.a(lib_a-reent.o)
                0x200008a8                errno
                0x200008ac                . = ALIGN (0x4)
                0x200008ac                __bss_end__ = .
                0x200008ac                _ebss = .

.heap           0x200008ac        0x0
                0x200008ac                __end__ = .
                0x200008ac                end = __end__
 *(.heap*)
                0x200008ac                __HeapLimit = .

.stack_dummy    0x200008ac        0x0
 *(.stack*)
                0x20050000                __StackTop = (ORIGIN (RAM) + LENGTH (RAM))
                0x20050000                _estack = __StackTop
                0x20050000                __StackLimit = (__StackTop - SIZEOF (.stack_dummy))
                0x20050000                PROVIDE (__stack, __StackTop)
                0x00000001                ASSERT ((__StackLimit >= __HeapLimit), region RAM overflowed with stack)
OUTPUT(DISCO-F469NI_LCD_demo.elf elf32-littlearm)

.ARM.attributes
                0x00000000       0x2e
 .ARM.attributes
                0x00000000       0x1e c:/ac6/systemworkbench/plugins/fr.ac6.mcu.externaltools.arm-none.win32_1.7.0.201602121829/tools/compiler/bin/../lib/gcc/arm-none-eabi/5.2.1/armv7e-m/crti.o
 .ARM.attributes
                0x0000001e       0x2e c:/ac6/systemworkbench/plugins/fr.ac6.mcu.externaltools.arm-none.win32_1.7.0.201602121829/tools/compiler/bin/../lib/gcc/arm-none-eabi/5.2.1/armv7e-m/crtbegin.o
 .ARM.attributes
                0x0000004c       0x1c c:/ac6/systemworkbench/plugins/fr.ac6.mcu.externaltools.arm-none.win32_1.7.0.201602121829/tools/compiler/bin/../lib/gcc/arm-none-eabi/5.2.1/../../../../arm-none-eabi/lib/armv7e-m/crt0.o
 .ARM.attributes
                0x00000068       0x33 BSP_DISCO_F469NI/Components/otm8009a/otm8009a.o
 .ARM.attributes
                0x0000009b       0x33 BSP_DISCO_F469NI/Fonts/font20.o
 .ARM.attributes
                0x000000ce       0x33 BSP_DISCO_F469NI/Fonts/font24.o
 .ARM.attributes
                0x00000101       0x33 BSP_DISCO_F469NI/stm32469i_discovery/stm32469i_discovery.o
 .ARM.attributes
                0x00000134       0x33 BSP_DISCO_F469NI/stm32469i_discovery/stm32469i_discovery_lcd.o
 .ARM.attributes
                0x00000167       0x33 BSP_DISCO_F469NI/stm32469i_discovery/stm32469i_discovery_sdram.o
 .ARM.attributes
                0x0000019a       0x33 LCD_DISCO_F469NI/LCD_DISCO_F469NI.o
 .ARM.attributes
                0x000001cd       0x33 gui/gui.o
 .ARM.attributes
                0x00000200       0x33 main.o
 .ARM.attributes
                0x00000233       0x37 C:/ARMSPACE/DISCO-F469NI_LCD_demo/mbed/TARGET_DISCO_F469NI/TOOLCHAIN_GCC_ARM/board.o
 .ARM.attributes
                0x0000026a       0x37 C:/ARMSPACE/DISCO-F469NI_LCD_demo/mbed/TARGET_DISCO_F469NI/TOOLCHAIN_GCC_ARM/cmsis_nvic.o
 .ARM.attributes
                0x000002a1       0x37 C:/ARMSPACE/DISCO-F469NI_LCD_demo/mbed/TARGET_DISCO_F469NI/TOOLCHAIN_GCC_ARM/hal_tick.o
 .ARM.attributes
                0x000002d8       0x37 C:/ARMSPACE/DISCO-F469NI_LCD_demo/mbed/TARGET_DISCO_F469NI/TOOLCHAIN_GCC_ARM/retarget.o
 .ARM.attributes
                0x0000030f       0x21 C:/ARMSPACE/DISCO-F469NI_LCD_demo/mbed/TARGET_DISCO_F469NI/TOOLCHAIN_GCC_ARM/startup_stm32f469xx.o
 .ARM.attributes
                0x00000330       0x37 C:/ARMSPACE/DISCO-F469NI_LCD_demo/mbed/TARGET_DISCO_F469NI/TOOLCHAIN_GCC_ARM/stm32f4xx_hal.o
 .ARM.attributes
                0x00000367       0x37 C:/ARMSPACE/DISCO-F469NI_LCD_demo/mbed/TARGET_DISCO_F469NI/TOOLCHAIN_GCC_ARM/stm32f4xx_hal_adc.o
 .ARM.attributes
                0x0000039e       0x37 C:/ARMSPACE/DISCO-F469NI_LCD_demo/mbed/TARGET_DISCO_F469NI/TOOLCHAIN_GCC_ARM/stm32f4xx_hal_cortex.o
 .ARM.attributes
                0x000003d5       0x37 C:/ARMSPACE/DISCO-F469NI_LCD_demo/mbed/TARGET_DISCO_F469NI/TOOLCHAIN_GCC_ARM/stm32f4xx_hal_dma.o
 .ARM.attributes
                0x0000040c       0x37 C:/ARMSPACE/DISCO-F469NI_LCD_demo/mbed/TARGET_DISCO_F469NI/TOOLCHAIN_GCC_ARM/stm32f4xx_hal_dma2d.o
 .ARM.attributes
                0x00000443       0x37 C:/ARMSPACE/DISCO-F469NI_LCD_demo/mbed/TARGET_DISCO_F469NI/TOOLCHAIN_GCC_ARM/stm32f4xx_hal_dsi.o
 .ARM.attributes
                0x0000047a       0x37 C:/ARMSPACE/DISCO-F469NI_LCD_demo/mbed/TARGET_DISCO_F469NI/TOOLCHAIN_GCC_ARM/stm32f4xx_hal_msp_template.o
 .ARM.attributes
                0x000004b1       0x37 C:/ARMSPACE/DISCO-F469NI_LCD_demo/mbed/TARGET_DISCO_F469NI/TOOLCHAIN_GCC_ARM/stm32f4xx_hal_gpio.o
 .ARM.attributes
                0x000004e8       0x37 C:/ARMSPACE/DISCO-F469NI_LCD_demo/mbed/TARGET_DISCO_F469NI/TOOLCHAIN_GCC_ARM/stm32f4xx_hal_ltdc.o
 .ARM.attributes
                0x0000051f       0x37 C:/ARMSPACE/DISCO-F469NI_LCD_demo/mbed/TARGET_DISCO_F469NI/TOOLCHAIN_GCC_ARM/stm32f4xx_hal_ltdc_ex.o
 .ARM.attributes
                0x00000556       0x37 C:/ARMSPACE/DISCO-F469NI_LCD_demo/mbed/TARGET_DISCO_F469NI/TOOLCHAIN_GCC_ARM/stm32f4xx_hal_rcc.o
 .ARM.attributes
                0x0000058d       0x37 C:/ARMSPACE/DISCO-F469NI_LCD_demo/mbed/TARGET_DISCO_F469NI/TOOLCHAIN_GCC_ARM/stm32f4xx_hal_rcc_ex.o
 .ARM.attributes
                0x000005c4       0x37 C:/ARMSPACE/DISCO-F469NI_LCD_demo/mbed/TARGET_DISCO_F469NI/TOOLCHAIN_GCC_ARM/stm32f4xx_hal_sdram.o
 .ARM.attributes
                0x000005fb       0x37 C:/ARMSPACE/DISCO-F469NI_LCD_demo/mbed/TARGET_DISCO_F469NI/TOOLCHAIN_GCC_ARM/stm32f4xx_hal_tim.o
 .ARM.attributes
                0x00000632       0x37 C:/ARMSPACE/DISCO-F469NI_LCD_demo/mbed/TARGET_DISCO_F469NI/TOOLCHAIN_GCC_ARM/stm32f4xx_hal_uart.o
 .ARM.attributes
                0x00000669       0x37 C:/ARMSPACE/DISCO-F469NI_LCD_demo/mbed/TARGET_DISCO_F469NI/TOOLCHAIN_GCC_ARM/stm32f4xx_ll_fmc.o
 .ARM.attributes
                0x000006a0       0x37 C:/ARMSPACE/DISCO-F469NI_LCD_demo/mbed/TARGET_DISCO_F469NI/TOOLCHAIN_GCC_ARM/system_stm32f4xx.o
 .ARM.attributes
                0x000006d7       0x37 C:\ARMSPACE\DISCO-F469NI_LCD_demo\mbed\TARGET_DISCO_F469NI\TOOLCHAIN_GCC_ARM\libmbed.a(analogin_api.o)
 .ARM.attributes
                0x0000070e       0x37 C:\ARMSPACE\DISCO-F469NI_LCD_demo\mbed\TARGET_DISCO_F469NI\TOOLCHAIN_GCC_ARM\libmbed.a(PeripheralPins.o)
 .ARM.attributes
                0x00000745       0x37 C:\ARMSPACE\DISCO-F469NI_LCD_demo\mbed\TARGET_DISCO_F469NI\TOOLCHAIN_GCC_ARM\libmbed.a(serial_api.o)
 .ARM.attributes
                0x0000077c       0x37 C:\ARMSPACE\DISCO-F469NI_LCD_demo\mbed\TARGET_DISCO_F469NI\TOOLCHAIN_GCC_ARM\libmbed.a(assert.o)
 .ARM.attributes
                0x000007b3       0x37 C:\ARMSPACE\DISCO-F469NI_LCD_demo\mbed\TARGET_DISCO_F469NI\TOOLCHAIN_GCC_ARM\libmbed.a(error.o)
 .ARM.attributes
                0x000007ea       0x37 C:\ARMSPACE\DISCO-F469NI_LCD_demo\mbed\TARGET_DISCO_F469NI\TOOLCHAIN_GCC_ARM\libmbed.a(gpio.o)
 .ARM.attributes
                0x00000821       0x37 C:\ARMSPACE\DISCO-F469NI_LCD_demo\mbed\TARGET_DISCO_F469NI\TOOLCHAIN_GCC_ARM\libmbed.a(pinmap_common.o)
 .ARM.attributes
                0x00000858       0x37 C:\ARMSPACE\DISCO-F469NI_LCD_demo\mbed\TARGET_DISCO_F469NI\TOOLCHAIN_GCC_ARM\libmbed.a(wait_api.o)
 .ARM.attributes
                0x0000088f       0x37 C:\ARMSPACE\DISCO-F469NI_LCD_demo\mbed\TARGET_DISCO_F469NI\TOOLCHAIN_GCC_ARM\libmbed.a(us_ticker_api.o)
 .ARM.attributes
                0x000008c6       0x37 C:\ARMSPACE\DISCO-F469NI_LCD_demo\mbed\TARGET_DISCO_F469NI\TOOLCHAIN_GCC_ARM\libmbed.a(gpio_api.o)
 .ARM.attributes
                0x000008fd       0x37 C:\ARMSPACE\DISCO-F469NI_LCD_demo\mbed\TARGET_DISCO_F469NI\TOOLCHAIN_GCC_ARM\libmbed.a(pinmap.o)
 .ARM.attributes
                0x00000934       0x37 C:\ARMSPACE\DISCO-F469NI_LCD_demo\mbed\TARGET_DISCO_F469NI\TOOLCHAIN_GCC_ARM\libmbed.a(us_ticker.o)
 .ARM.attributes
                0x0000096b       0x37 C:\ARMSPACE\DISCO-F469NI_LCD_demo\mbed\TARGET_DISCO_F469NI\TOOLCHAIN_GCC_ARM\libmbed.a(ticker_api.o)
 .ARM.attributes
                0x000009a2       0x2e c:/ac6/systemworkbench/plugins/fr.ac6.mcu.externaltools.arm-none.win32_1.7.0.201602121829/tools/compiler/bin/../lib/gcc/arm-none-eabi/5.2.1/../../../../arm-none-eabi/lib/armv7e-m\libstdc++_nano.a(atexit_arm.o)
 .ARM.attributes
                0x000009d0       0x2e c:/ac6/systemworkbench/plugins/fr.ac6.mcu.externaltools.arm-none.win32_1.7.0.201602121829/tools/compiler/bin/../lib/gcc/arm-none-eabi/5.2.1/../../../../arm-none-eabi/lib/armv7e-m\libc_nano.a(lib_a-cxa_atexit.o)
 .ARM.attributes
                0x000009fe       0x2e c:/ac6/systemworkbench/plugins/fr.ac6.mcu.externaltools.arm-none.win32_1.7.0.201602121829/tools/compiler/bin/../lib/gcc/arm-none-eabi/5.2.1/../../../../arm-none-eabi/lib/armv7e-m\libc_nano.a(lib_a-errno.o)
 .ARM.attributes
                0x00000a2c       0x2e c:/ac6/systemworkbench/plugins/fr.ac6.mcu.externaltools.arm-none.win32_1.7.0.201602121829/tools/compiler/bin/../lib/gcc/arm-none-eabi/5.2.1/../../../../arm-none-eabi/lib/armv7e-m\libc_nano.a(lib_a-exit.o)
 .ARM.attributes
                0x00000a5a       0x2e c:/ac6/systemworkbench/plugins/fr.ac6.mcu.externaltools.arm-none.win32_1.7.0.201602121829/tools/compiler/bin/../lib/gcc/arm-none-eabi/5.2.1/../../../../arm-none-eabi/lib/armv7e-m\libc_nano.a(lib_a-fflush.o)
 .ARM.attributes
                0x00000a88       0x2e c:/ac6/systemworkbench/plugins/fr.ac6.mcu.externaltools.arm-none.win32_1.7.0.201602121829/tools/compiler/bin/../lib/gcc/arm-none-eabi/5.2.1/../../../../arm-none-eabi/lib/armv7e-m\libc_nano.a(lib_a-findfp.o)
 .ARM.attributes
                0x00000ab6       0x2e c:/ac6/systemworkbench/plugins/fr.ac6.mcu.externaltools.arm-none.win32_1.7.0.201602121829/tools/compiler/bin/../lib/gcc/arm-none-eabi/5.2.1/../../../../arm-none-eabi/lib/armv7e-m\libc_nano.a(lib_a-fwalk.o)
 .ARM.attributes
                0x00000ae4       0x2e c:/ac6/systemworkbench/plugins/fr.ac6.mcu.externaltools.arm-none.win32_1.7.0.201602121829/tools/compiler/bin/../lib/gcc/arm-none-eabi/5.2.1/../../../../arm-none-eabi/lib/armv7e-m\libc_nano.a(lib_a-impure.o)
 .ARM.attributes
                0x00000b12       0x2e c:/ac6/systemworkbench/plugins/fr.ac6.mcu.externaltools.arm-none.win32_1.7.0.201602121829/tools/compiler/bin/../lib/gcc/arm-none-eabi/5.2.1/../../../../arm-none-eabi/lib/armv7e-m\libc_nano.a(lib_a-init.o)
 .ARM.attributes
                0x00000b40       0x2e c:/ac6/systemworkbench/plugins/fr.ac6.mcu.externaltools.arm-none.win32_1.7.0.201602121829/tools/compiler/bin/../lib/gcc/arm-none-eabi/5.2.1/../../../../arm-none-eabi/lib/armv7e-m\libc_nano.a(lib_a-malloc.o)
 .ARM.attributes
                0x00000b6e       0x1c c:/ac6/systemworkbench/plugins/fr.ac6.mcu.externaltools.arm-none.win32_1.7.0.201602121829/tools/compiler/bin/../lib/gcc/arm-none-eabi/5.2.1/../../../../arm-none-eabi/lib/armv7e-m\libc_nano.a(lib_a-memchr.o)
 .ARM.attributes
                0x00000b8a       0x2e c:/ac6/systemworkbench/plugins/fr.ac6.mcu.externaltools.arm-none.win32_1.7.0.201602121829/tools/compiler/bin/../lib/gcc/arm-none-eabi/5.2.1/../../../../arm-none-eabi/lib/armv7e-m\libc_nano.a(lib_a-memcpy-stub.o)
 .ARM.attributes
                0x00000bb8       0x2e c:/ac6/systemworkbench/plugins/fr.ac6.mcu.externaltools.arm-none.win32_1.7.0.201602121829/tools/compiler/bin/../lib/gcc/arm-none-eabi/5.2.1/../../../../arm-none-eabi/lib/armv7e-m\libc_nano.a(lib_a-memset.o)
 .ARM.attributes
                0x00000be6       0x2e c:/ac6/systemworkbench/plugins/fr.ac6.mcu.externaltools.arm-none.win32_1.7.0.201602121829/tools/compiler/bin/../lib/gcc/arm-none-eabi/5.2.1/../../../../arm-none-eabi/lib/armv7e-m\libc_nano.a(lib_a-nano-freer.o)
 .ARM.attributes
                0x00000c14       0x2e c:/ac6/systemworkbench/plugins/fr.ac6.mcu.externaltools.arm-none.win32_1.7.0.201602121829/tools/compiler/bin/../lib/gcc/arm-none-eabi/5.2.1/../../../../arm-none-eabi/lib/armv7e-m\libc_nano.a(lib_a-nano-mallocr.o)
 .ARM.attributes
                0x00000c42       0x2e c:/ac6/systemworkbench/plugins/fr.ac6.mcu.externaltools.arm-none.win32_1.7.0.201602121829/tools/compiler/bin/../lib/gcc/arm-none-eabi/5.2.1/../../../../arm-none-eabi/lib/armv7e-m\libc_nano.a(lib_a-nano-vfprintf.o)
 .ARM.attributes
                0x00000c70       0x2e c:/ac6/systemworkbench/plugins/fr.ac6.mcu.externaltools.arm-none.win32_1.7.0.201602121829/tools/compiler/bin/../lib/gcc/arm-none-eabi/5.2.1/../../../../arm-none-eabi/lib/armv7e-m\libc_nano.a(lib_a-nano-vfprintf_i.o)
 .ARM.attributes
                0x00000c9e       0x2e c:/ac6/systemworkbench/plugins/fr.ac6.mcu.externaltools.arm-none.win32_1.7.0.201602121829/tools/compiler/bin/../lib/gcc/arm-none-eabi/5.2.1/../../../../arm-none-eabi/lib/armv7e-m\libc_nano.a(lib_a-rand.o)
 .ARM.attributes